Archive member included to satisfy reference by file (symbol)

e:/quartus_fpga_design/nios2eds/bin/gnu/h-x86_64-mingw32/bin/../lib/gcc/nios2-elf/5.3.0/mno-hw-mul\libgcc.a(_fixunsdfsi.o)
                              obj/default/game.o (__fixunsdfsi)
e:/quartus_fpga_design/nios2eds/bin/gnu/h-x86_64-mingw32/bin/../lib/gcc/nios2-elf/5.3.0/mno-hw-mul\libgcc.a(lib2-divmod.o)
                              obj/default/game.o (__divsi3)
e:/quartus_fpga_design/nios2eds/bin/gnu/h-x86_64-mingw32/bin/../lib/gcc/nios2-elf/5.3.0/mno-hw-mul\libgcc.a(lib2-mul.o)
                              obj/default/INIT.o (__mulsi3)
e:/quartus_fpga_design/nios2eds/bin/gnu/h-x86_64-mingw32/bin/../lib/gcc/nios2-elf/5.3.0/mno-hw-mul\libgcc.a(divdf3.o)
                              obj/default/game.o (__divdf3)
e:/quartus_fpga_design/nios2eds/bin/gnu/h-x86_64-mingw32/bin/../lib/gcc/nios2-elf/5.3.0/mno-hw-mul\libgcc.a(gedf2.o)
                              e:/quartus_fpga_design/nios2eds/bin/gnu/h-x86_64-mingw32/bin/../lib/gcc/nios2-elf/5.3.0/mno-hw-mul\libgcc.a(_fixunsdfsi.o) (__gedf2)
e:/quartus_fpga_design/nios2eds/bin/gnu/h-x86_64-mingw32/bin/../lib/gcc/nios2-elf/5.3.0/mno-hw-mul\libgcc.a(subdf3.o)
                              e:/quartus_fpga_design/nios2eds/bin/gnu/h-x86_64-mingw32/bin/../lib/gcc/nios2-elf/5.3.0/mno-hw-mul\libgcc.a(_fixunsdfsi.o) (__subdf3)
e:/quartus_fpga_design/nios2eds/bin/gnu/h-x86_64-mingw32/bin/../lib/gcc/nios2-elf/5.3.0/mno-hw-mul\libgcc.a(fixdfsi.o)
                              e:/quartus_fpga_design/nios2eds/bin/gnu/h-x86_64-mingw32/bin/../lib/gcc/nios2-elf/5.3.0/mno-hw-mul\libgcc.a(_fixunsdfsi.o) (__fixdfsi)
e:/quartus_fpga_design/nios2eds/bin/gnu/h-x86_64-mingw32/bin/../lib/gcc/nios2-elf/5.3.0/mno-hw-mul\libgcc.a(floatunsidf.o)
                              obj/default/game.o (__floatunsidf)
e:/quartus_fpga_design/nios2eds/bin/gnu/h-x86_64-mingw32/bin/../lib/gcc/nios2-elf/5.3.0/mno-hw-mul\libgcc.a(_clzsi2.o)
                              e:/quartus_fpga_design/nios2eds/bin/gnu/h-x86_64-mingw32/bin/../lib/gcc/nios2-elf/5.3.0/mno-hw-mul\libgcc.a(divdf3.o) (__clzsi2)
e:/quartus_fpga_design/nios2eds/bin/gnu/h-x86_64-mingw32/bin/../lib/gcc/nios2-elf/5.3.0/mno-hw-mul\libgcc.a(_clz.o)
                              e:/quartus_fpga_design/nios2eds/bin/gnu/h-x86_64-mingw32/bin/../lib/gcc/nios2-elf/5.3.0/mno-hw-mul\libgcc.a(_clzsi2.o) (__clz_tab)
e:/quartus_fpga_design/nios2eds/bin/gnu/h-x86_64-mingw32/bin/../lib/gcc/nios2-elf/5.3.0/../../../../../H-x86_64-mingw32/nios2-elf/lib/mno-hw-mul\libc.a(lib_a-clock.o)
                              obj/default/draw_driver.o (clock)
e:/quartus_fpga_design/nios2eds/bin/gnu/h-x86_64-mingw32/bin/../lib/gcc/nios2-elf/5.3.0/../../../../../H-x86_64-mingw32/nios2-elf/lib/mno-hw-mul\libc.a(lib_a-impure.o)
                              e:/quartus_fpga_design/nios2eds/bin/gnu/h-x86_64-mingw32/bin/../lib/gcc/nios2-elf/5.3.0/../../../../../H-x86_64-mingw32/nios2-elf/lib/mno-hw-mul\libc.a(lib_a-clock.o) (_impure_ptr)
e:/quartus_fpga_design/nios2eds/bin/gnu/h-x86_64-mingw32/bin/../lib/gcc/nios2-elf/5.3.0/../../../../../H-x86_64-mingw32/nios2-elf/lib/mno-hw-mul\libc.a(lib_a-malloc.o)
                              obj/default/drawing.o (malloc)
e:/quartus_fpga_design/nios2eds/bin/gnu/h-x86_64-mingw32/bin/../lib/gcc/nios2-elf/5.3.0/../../../../../H-x86_64-mingw32/nios2-elf/lib/mno-hw-mul\libc.a(lib_a-mallocr.o)
                              e:/quartus_fpga_design/nios2eds/bin/gnu/h-x86_64-mingw32/bin/../lib/gcc/nios2-elf/5.3.0/../../../../../H-x86_64-mingw32/nios2-elf/lib/mno-hw-mul\libc.a(lib_a-malloc.o) (_malloc_r)
e:/quartus_fpga_design/nios2eds/bin/gnu/h-x86_64-mingw32/bin/../lib/gcc/nios2-elf/5.3.0/../../../../../H-x86_64-mingw32/nios2-elf/lib/mno-hw-mul\libc.a(lib_a-printf.o)
                              obj/default/USB_Keyboard_Driver.o (printf)
e:/quartus_fpga_design/nios2eds/bin/gnu/h-x86_64-mingw32/bin/../lib/gcc/nios2-elf/5.3.0/../../../../../H-x86_64-mingw32/nios2-elf/lib/mno-hw-mul\libc.a(lib_a-puts.o)
                              obj/default/USB_Keyboard_Driver.o (puts)
e:/quartus_fpga_design/nios2eds/bin/gnu/h-x86_64-mingw32/bin/../lib/gcc/nios2-elf/5.3.0/../../../../../H-x86_64-mingw32/nios2-elf/lib/mno-hw-mul\libc.a(lib_a-rand.o)
                              obj/default/game.o (srand)
e:/quartus_fpga_design/nios2eds/bin/gnu/h-x86_64-mingw32/bin/../lib/gcc/nios2-elf/5.3.0/../../../../../H-x86_64-mingw32/nios2-elf/lib/mno-hw-mul\libc.a(lib_a-sbrkr.o)
                              e:/quartus_fpga_design/nios2eds/bin/gnu/h-x86_64-mingw32/bin/../lib/gcc/nios2-elf/5.3.0/../../../../../H-x86_64-mingw32/nios2-elf/lib/mno-hw-mul\libc.a(lib_a-mallocr.o) (_sbrk_r)
e:/quartus_fpga_design/nios2eds/bin/gnu/h-x86_64-mingw32/bin/../lib/gcc/nios2-elf/5.3.0/../../../../../H-x86_64-mingw32/nios2-elf/lib/mno-hw-mul\libc.a(lib_a-strlen.o)
[...]
Memory Configuration

Name             Origin             Length             Attributes
reset            0x0000000000000000 0x0000000000000020
sdram            0x0000000000000020 0x0000000007ffffe0
*default*        0x0000000000000000 0xffffffffffffffff

Linker script and memory map

LOAD ../Bomberman_bsp//obj/HAL/src/crt0.o
LOAD obj/default/INIT.o
LOAD obj/default/LEDandHEX.o
LOAD obj/default/USB_Keyboard_Driver.o
LOAD obj/default/USB_Keyboard_Driver_Sup/io_handler.o
LOAD obj/default/USB_Keyboard_Driver_Sup/usb.o
LOAD obj/default/audio_driver.o
LOAD obj/default/coins.o
LOAD obj/default/draw_driver.o
LOAD obj/default/drawing.o
LOAD obj/default/ed.o
LOAD obj/default/game.o
LOAD obj/default/main.o
LOAD obj/default/op.o
LOAD obj/default/readKey.o
LOAD obj/default/transition.o
LOAD e:/quartus_fpga_design/nios2eds/bin/gnu/h-x86_64-mingw32/bin/../lib/gcc/nios2-elf/5.3.0/../../../../../H-x86_64-mingw32/nios2-elf/lib/mno-hw-mul\libstdc++.a
LOAD e:/quartus_fpga_design/nios2eds/bin/gnu/h-x86_64-mingw32/bin/../lib/gcc/nios2-elf/5.3.0/../../../../../H-x86_64-mingw32/nios2-elf/lib/mno-hw-mul\libm.a
LOAD e:/quartus_fpga_design/nios2eds/bin/gnu/h-x86_64-mingw32/bin/../lib/gcc/nios2-elf/5.3.0/mno-hw-mul\libgcc.a
START GROUP
LOAD e:/quartus_fpga_design/nios2eds/bin/gnu/h-x86_64-mingw32/bin/../lib/gcc/nios2-elf/5.3.0/../../../../../H-x86_64-mingw32/nios2-elf/lib/mno-hw-mul\libc.a
LOAD e:/quartus_fpga_design/nios2eds/bin/gnu/h-x86_64-mingw32/bin/../lib/gcc/nios2-elf/5.3.0/mno-hw-mul\libgcc.a
LOAD ../Bomberman_bsp/\libhal_bsp.a
LOAD e:/quartus_fpga_design/nios2eds/bin/gnu/h-x86_64-mingw32/bin/../lib/gcc/nios2-elf/5.3.0/../../../../../H-x86_64-mingw32/nios2-elf/lib/mno-hw-mul\libm.a
END GROUP
LOAD e:/quartus_fpga_design/nios2eds/bin/gnu/h-x86_64-mingw32/bin/../lib/gcc/nios2-elf/5.3.0/mno-hw-mul\libgcc.a
                0x0000000000000000                __alt_mem_sdram = 0x0

.entry          0x0000000000000000       0x20
 *(.entry)
 .entry         0x0000000000000000       0x20 ../Bomberman_bsp//obj/HAL/src/crt0.o
                0x0000000000000000                __reset

.exceptions     0x0000000000000020      0x210
                0x0000000000000020                PROVIDE (__ram_exceptions_start, ABSOLUTE (.))
                0x0000000000000020                . = ALIGN (0x20)
 *(.irq)
 *(.exceptions.entry.label)
 .exceptions.entry.label
                0x0000000000000020        0x0 ../Bomberman_bsp/\libhal_bsp.a(alt_irq_entry.o)
                0x0000000000000020                alt_irq_entry
 .exceptions.entry.label
                0x0000000000000020        0x0 ../Bomberman_bsp/\libhal_bsp.a(alt_exception_entry.o)
                0x0000000000000020                alt_exception
 *(.exceptions.entry.user)
 *(.exceptions.entry.ecc_fatal)
 *(.exceptions.entry)
 .exceptions.entry
                0x0000000000000020       0x54 ../Bomberman_bsp/\libhal_bsp.a(alt_exception_entry.o)
 *(.exceptions.irqtest.user)
 *(.exceptions.irqtest)
 .exceptions.irqtest
                0x0000000000000074       0x10 ../Bomberman_bsp/\libhal_bsp.a(alt_irq_entry.o)
 *(.exceptions.irqhandler.user)
 *(.exceptions.irqhandler)
 .exceptions.irqhandler
                0x0000000000000084        0x4 ../Bomberman_bsp/\libhal_bsp.a(alt_irq_entry.o)
 *(.exceptions.irqreturn.user)
 *(.exceptions.irqreturn)
 .exceptions.irqreturn
                0x0000000000000088        0x4 ../Bomberman_bsp/\libhal_bsp.a(alt_irq_entry.o)
 *(.exceptions.notirq.label)
 .exceptions.notirq.label
                0x000000000000008c        0x0 ../Bomberman_bsp/\libhal_bsp.a(alt_irq_entry.o)
 *(.exceptions.notirq.user)
 *(.exceptions.notirq)
 .exceptions.notirq
                0x000000000000008c        0x8 ../Bomberman_bsp/\libhal_bsp.a(alt_exception_entry.o)
 *(.exceptions.soft.user)
 *(.exceptions.soft)
 *(.exceptions.unknown.user)
 *(.exceptions.unknown)
 .exceptions.unknown
                0x0000000000000094       0x14 ../Bomberman_bsp/\libhal_bsp.a(alt_exception_entry.o)
 *(.exceptions.exit.label)
 .exceptions.exit.label
                0x00000000000000a8        0x0 ../Bomberman_bsp/\libhal_bsp.a(alt_irq_entry.o)
 .exceptions.exit.label
                0x00000000000000a8        0x0 ../Bomberman_bsp/\libhal_bsp.a(alt_exception_entry.o)
 *(.exceptions.exit.user)
 *(.exceptions.exit)
 .exceptions.exit
                0x00000000000000a8       0x54 ../Bomberman_bsp/\libhal_bsp.a(alt_exception_entry.o)
 *(.exceptions)
 .exceptions    0x00000000000000fc       0xd4 ../Bomberman_bsp/\libhal_bsp.a(alt_irq_handler.o)
                0x00000000000000fc                alt_irq_handler
 .exceptions    0x00000000000001d0       0x60 ../Bomberman_bsp/\libhal_bsp.a(alt_instruction_exception_entry.o)
                0x00000000000001d0                alt_instruction_exception_entry
                0x0000000000000230                PROVIDE (__ram_exceptions_end, ABSOLUTE (.))
                0x0000000000000020                PROVIDE (__flash_exceptions_start, LOADADDR (.exceptions))

.text           0x0000000000000230    0x1bdcc
                [!provide]                        PROVIDE (stext, ABSOLUTE (.))
 *(.interp)
 *(.hash)
 *(.dynsym)
 *(.dynstr)
 *(.gnu.version)
 *(.gnu.version_d)
 *(.gnu.version_r)
 *(.rel.init)
 *(.rela.init)
 *(.rel.text .rel.text.* .rel.gnu.linkonce.t.*)
 *(.rela.text .rela.text.* .rela.gnu.linkonce.t.*)
 *(.rel.fini)
 *(.rela.fini)
 *(.rel.rodata .rel.rodata.* .rel.gnu.linkonce.r.*)
 *(.rela.rodata .rela.rodata.* .rela.gnu.linkonce.r.*)
 *(.rel.data .rel.data.* .rel.gnu.linkonce.d.*)
 *(.rela.data .rela.data.* .rela.gnu.linkonce.d.*)
 *(.rel.tdata .rel.tdata.* .rel.gnu.linkonce.td.*)
 *(.rela.tdata .rela.tdata.* .rela.gnu.linkonce.td.*)
 *(.rel.tbss .rel.tbss.* .rel.gnu.linkonce.tb.*)
 *(.rela.tbss .rela.tbss.* .rela.gnu.linkonce.tb.*)
 *(.rel.ctors)
 *(.rela.ctors)
 *(.rel.dtors)
 *(.rela.dtors)
 *(.rel.got)
 *(.rela.got)
 *(.rel.sdata .rel.sdata.* .rel.gnu.linkonce.s.*)
 *(.rela.sdata .rela.sdata.* .rela.gnu.linkonce.s.*)
 *(.rel.sbss .rel.sbss.* .rel.gnu.linkonce.sb.*)
 *(.rela.sbss .rela.sbss.* .rela.gnu.linkonce.sb.*)
 *(.rel.sdata2 .rel.sdata2.* .rel.gnu.linkonce.s2.*)
 *(.rela.sdata2 .rela.sdata2.* .rela.gnu.linkonce.s2.*)
 *(.rel.sbss2 .rel.sbss2.* .rel.gnu.linkonce.sb2.*)
 *(.rela.sbss2 .rela.sbss2.* .rela.gnu.linkonce.sb2.*)
 *(.rel.bss .rel.bss.* .rel.gnu.linkonce.b.*)
 *(.rela.bss .rela.bss.* .rela.gnu.linkonce.b.*)
 *(.rel.plt)
 *(.rela.plt)
 *(.rel.dyn)
 *(.init)
 *(.plt)
 *(.text .stub .text.* .gnu.linkonce.t.*)
 .text          0x0000000000000230       0x3c ../Bomberman_bsp//obj/HAL/src/crt0.o
                0x0000000000000230                _start
 .text          0x000000000000026c      0x218 obj/default/INIT.o
                0x000000000000026c                INIT
 .text          0x0000000000000484      0x1b0 obj/default/LEDandHEX.o
                0x0000000000000484                displayScore
                0x0000000000000574                displayTime
 .text          0x0000000000000634     0x1310 obj/default/USB_Keyboard_Driver.o
                0x0000000000000634                Keyboard_INIT
                0x0000000000001650                FetchKey
 .text          0x0000000000001944      0x1ac obj/default/USB_Keyboard_Driver_Sup/io_handler.o
                0x0000000000001944                IO_init
                0x00000000000019e8                IO_write
                0x0000000000001a70                IO_read
 .text          0x0000000000001af0     0x1174 obj/default/USB_Keyboard_Driver_Sup/usb.o
                0x0000000000001af0                UsbWrite
                0x0000000000001b48                UsbRead
                0x0000000000001b8c                UsbSoftReset
                0x0000000000001c40                UsbSetAddress
                0x0000000000001d40                UsbGetDeviceDesc1
                0x0000000000001e88                UsbGetDeviceDesc2
                0x0000000000002060                UsbGetConfigDesc1
                0x00000000000021f0                UsbGetConfigDesc2
                0x0000000000002458                UsbSetConfig
                0x0000000000002558                UsbClassRequest
                0x0000000000002658                UsbGetHidDesc
                0x00000000000027a0                UsbGetReportDesc
                0x0000000000002ae0                UsbWaitTDListDone
                0x0000000000002b64                UsbGetRetryCnt
                0x0000000000002be4                UsbPrintMem
 .text          0x0000000000002c64      0x1f8 obj/default/audio_driver.o
                0x0000000000002c64                changeBackVolume
                0x0000000000002cb8                changeBombVolume
                0x0000000000002d0c                Audio_init
                0x0000000000002d54                Bomb
                0x0000000000002d88                Audio_Select
 .text          0x0000000000002e5c      0x7a8 obj/default/coins.o
                0x0000000000002e5c                deleteCoins
                0x0000000000003004                getCoins
                0x00000000000034ac                UpdateCoins
 .text          0x0000000000003604      0x29c obj/default/draw_driver.o
                0x0000000000003604                draw_driver
                0x000000000000370c                draw_driver_init
                0x0000000000003828                draw_driver_speed
                0x0000000000003850                delay
 .text          0x00000000000038a0     0x493c obj/default/drawing.o
                0x00000000000038a0                cleanCell
                0x0000000000003934                drawSolidWall
                0x00000000000039dc                drawSoftWall
                0x0000000000003a84                cleanPlayer
                0x0000000000003b50                drawPlayer
                0x0000000000004310                drawPlayerHurt
                0x00000000000043d0                drawExplosion
                0x0000000000004dc4                drawBomb
                0x0000000000005b2c                drawFiringWall
                0x0000000000006520                drawBombAndExplosion
                0x0000000000007dc4                pushToCoinList
                0x0000000000007e94                drawCoin
                0x000000000000814c                cleanCoin
 .text          0x00000000000081dc      0x248 obj/default/ed.o
                0x00000000000081dc                initED
                0x000000000000835c                ed
 .text          0x0000000000008424     0x2840 obj/default/game.o
                0x000000000000853c                game
                0x0000000000008bc0                initStage
                0x0000000000008fd4                initPlayer
                0x000000000000921c                move
                0x0000000000009468                canMove
                0x00000000000098f8                onFire
                0x0000000000009ac8                catchFire
                0x0000000000009b8c                placeBomb
                0x000000000000a220                UpdateBomb
                0x000000000000a658                HPcheck
                0x000000000000a82c                scoreCompare
                0x000000000000a8a0                displayHP
 .text          0x000000000000ac64      0x1e4 obj/default/main.o
                0x000000000000ad7c                main
 .text          0x000000000000ae48      0x2c4 obj/default/op.o
                0x000000000000ae48                initOP
                0x000000000000aefc                op
 .text          0x000000000000b10c      0xaf0 obj/default/readKey.o
                0x000000000000b10c                W_en
                0x000000000000b1d4                S_en
                0x000000000000b29c                A_en
                0x000000000000b364                D_en
                0x000000000000b42c                UP_en
                0x000000000000b4f4                DOWN_en
                0x000000000000b5bc                LEFT_en
                0x000000000000b684                RIGHT_en
                0x000000000000b74c                SPACE_en
                0x000000000000b814                ENTER_en
                0x000000000000b8dc                PLUS_en
                0x000000000000b9a4                MINOR_en
                0x000000000000ba6c                ZERO_en
                0x000000000000bb34                NINE_en
 .text          0x000000000000bbfc      0x868 obj/default/transition.o
                0x000000000000bbfc                begin_anim
 .text          0x000000000000c464       0x74 e:/quartus_fpga_design/nios2eds/bin/gnu/h-x86_64-mingw32/bin/../lib/gcc/nios2-elf/5.3.0/mno-hw-mul\libgcc.a(_fixunsdfsi.o)
                0x000000000000c464                __fixunsdfsi
 .text          0x000000000000c4d8      0x1b4 e:/quartus_fpga_design/nios2eds/bin/gnu/h-x86_64-mingw32/bin/../lib/gcc/nios2-elf/5.3.0/mno-hw-mul\libgcc.a(lib2-divmod.o)
                0x000000000000c4d8                __divsi3
                0x000000000000c55c                __modsi3
                0x000000000000c5d0                __udivsi3
                0x000000000000c634                __umodsi3
 .text          0x000000000000c68c       0x28 e:/quartus_fpga_design/nios2eds/bin/gnu/h-x86_64-mingw32/bin/../lib/gcc/nios2-elf/5.3.0/mno-hw-mul\libgcc.a(lib2-mul.o)
                0x000000000000c68c                __mulsi3
 .text          0x000000000000c6b4      0x9d0 e:/quartus_fpga_design/nios2eds/bin/gnu/h-x86_64-mingw32/bin/../lib/gcc/nios2-elf/5.3.0/mno-hw-mul\libgcc.a(divdf3.o)
                0x000000000000c6b4                __divdf3
 .text          0x000000000000d084       0xdc e:/quartus_fpga_design/nios2eds/bin/gnu/h-x86_64-mingw32/bin/../lib/gcc/nios2-elf/5.3.0/mno-hw-mul\libgcc.a(gedf2.o)
                0x000000000000d084                __gedf2
                0x000000000000d084                __gtdf2
 .text          0x000000000000d160      0x8fc e:/quartus_fpga_design/nios2eds/bin/gnu/h-x86_64-mingw32/bin/../lib/gcc/nios2-elf/5.3.0/mno-hw-mul\libgcc.a(subdf3.o)
                0x000000000000d160                __subdf3
 .text          0x000000000000da5c       0x80 e:/quartus_fpga_design/nios2eds/bin/gnu/h-x86_64-mingw32/bin/../lib/gcc/nios2-elf/5.3.0/mno-hw-mul\libgcc.a(fixdfsi.o)
                0x000000000000da5c                __fixdfsi
 .text          0x000000000000dadc       0xa8 e:/quartus_fpga_design/nios2eds/bin/gnu/h-x86_64-mingw32/bin/../lib/gcc/nios2-elf/5.3.0/mno-hw-mul\libgcc.a(floatunsidf.o)
                0x000000000000dadc                __floatunsidf
 .text          0x000000000000db84       0x64 e:/quartus_fpga_design/nios2eds/bin/gnu/h-x86_64-mingw32/bin/../lib/gcc/nios2-elf/5.3.0/mno-hw-mul\libgcc.a(_clzsi2.o)
                0x000000000000db84                __clzsi2
 .text          0x000000000000dbe8        0x0 e:/quartus_fpga_design/nios2eds/bin/gnu/h-x86_64-mingw32/bin/../lib/gcc/nios2-elf/5.3.0/mno-hw-mul\libgcc.a(_clz.o)
 .text          0x000000000000dbe8        0x0 e:/quartus_fpga_design/nios2eds/bin/gnu/h-x86_64-mingw32/bin/../lib/gcc/nios2-elf/5.3.0/../../../../../H-x86_64-mingw32/nios2-elf/lib/mno-hw-mul\libc.a(lib_a-clock.o)
 .text.clock    0x000000000000dbe8       0x4c e:/quartus_fpga_design/nios2eds/bin/gnu/h-x86_64-mingw32/bin/../lib/gcc/nios2-elf/5.3.0/../../../../../H-x86_64-mingw32/nios2-elf/lib/mno-hw-mul\libc.a(lib_a-clock.o)
                0x000000000000dbe8                clock
 .text          0x000000000000dc34        0x0 e:/quartus_fpga_design/nios2eds/bin/gnu/h-x86_64-mingw32/bin/../lib/gcc/nios2-elf/5.3.0/../../../../../H-x86_64-mingw32/nios2-elf/lib/mno-hw-mul\libc.a(lib_a-impure.o)
 .text          0x000000000000dc34        0x0 e:/quartus_fpga_design/nios2eds/bin/gnu/h-x86_64-mingw32/bin/../lib/gcc/nios2-elf/5.3.0/../../../../../H-x86_64-mingw32/nios2-elf/lib/mno-hw-mul\libc.a(lib_a-malloc.o)
 .text.malloc   0x000000000000dc34       0x14 e:/quartus_fpga_design/nios2eds/bin/gnu/h-x86_64-mingw32/bin/../lib/gcc/nios2-elf/5.3.0/../../../../../H-x86_64-mingw32/nios2-elf/lib/mno-hw-mul\libc.a(lib_a-malloc.o)
                0x000000000000dc34                malloc
 .text.free     0x000000000000dc48       0x14 e:/quartus_fpga_design/nios2eds/bin/gnu/h-x86_64-mingw32/bin/../lib/gcc/nios2-elf/5.3.0/../../../../../H-x86_64-mingw32/nios2-elf/lib/mno-hw-mul\libc.a(lib_a-malloc.o)
                0x000000000000dc48                free
 .text          0x000000000000dc5c        0x0 e:/quartus_fpga_design/nios2eds/bin/gnu/h-x86_64-mingw32/bin/../lib/gcc/nios2-elf/5.3.0/../../../../../H-x86_64-mingw32/nios2-elf/lib/mno-hw-mul\libc.a(lib_a-mallocr.o)
 .text._malloc_r
                0x000000000000dc5c      0x80c e:/quartus_fpga_design/nios2eds/bin/gnu/h-x86_64-mingw32/bin/../lib/gcc/nios2-elf/5.3.0/../../../../../H-x86_64-mingw32/nios2-elf/lib/mno-hw-mul\libc.a(lib_a-mallocr.o)
                0x000000000000dc5c                _malloc_r
 .text          0x000000000000e468        0x0 e:/quartus_fpga_design/nios2eds/bin/gnu/h-x86_64-mingw32/bin/../lib/gcc/nios2-elf/5.3.0/../../../../../H-x86_64-mingw32/nios2-elf/lib/mno-hw-mul\libc.a(lib_a-printf.o)
 .text._printf_r
                0x000000000000e468       0x30 e:/quartus_fpga_design/nios2eds/bin/gnu/h-x86_64-mingw32/bin/../lib/gcc/nios2-elf/5.3.0/../../../../../H-x86_64-mingw32/nios2-elf/lib/mno-hw-mul\libc.a(lib_a-printf.o)
                0x000000000000e468                _printf_r
 .text.printf   0x000000000000e498       0x3c e:/quartus_fpga_design/nios2eds/bin/gnu/h-x86_64-mingw32/bin/../lib/gcc/nios2-elf/5.3.0/../../../../../H-x86_64-mingw32/nios2-elf/lib/mno-hw-mul\libc.a(lib_a-printf.o)
                0x000000000000e498                printf
 .text          0x000000000000e4d4        0x0 e:/quartus_fpga_design/nios2eds/bin/gnu/h-x86_64-mingw32/bin/../lib/gcc/nios2-elf/5.3.0/../../../../../H-x86_64-mingw32/nios2-elf/lib/mno-hw-mul\libc.a(lib_a-puts.o)
 .text._puts_r  0x000000000000e4d4       0xc0 e:/quartus_fpga_design/nios2eds/bin/gnu/h-x86_64-mingw32/bin/../lib/gcc/nios2-elf/5.3.0/../../../../../H-x86_64-mingw32/nios2-elf/lib/mno-hw-mul\libc.a(lib_a-puts.o)
                0x000000000000e4d4                _puts_r
 .text.puts     0x000000000000e594       0x14 e:/quartus_fpga_design/nios2eds/bin/gnu/h-x86_64-mingw32/bin/../lib/gcc/nios2-elf/5.3.0/../../../../../H-x86_64-mingw32/nios2-elf/lib/mno-hw-mul\libc.a(lib_a-puts.o)
                0x000000000000e594                puts
 .text          0x000000000000e5a8        0x0 e:/quartus_fpga_design/nios2eds/bin/gnu/h-x86_64-mingw32/bin/../lib/gcc/nios2-elf/5.3.0/../../../../../H-x86_64-mingw32/nios2-elf/lib/mno-hw-mul\libc.a(lib_a-rand.o)
 .text.srand    0x000000000000e5a8       0x18 e:/quartus_fpga_design/nios2eds/bin/gnu/h-x86_64-mingw32/bin/../lib/gcc/nios2-elf/5.3.0/../../../../../H-x86_64-mingw32/nios2-elf/lib/mno-hw-mul\libc.a(lib_a-rand.o)
                0x000000000000e5a8                srand
 .text.rand     0x000000000000e5c0       0x64 e:/quartus_fpga_design/nios2eds/bin/gnu/h-x86_64-mingw32/bin/../lib/gcc/nios2-elf/5.3.0/../../../../../H-x86_64-mingw32/nios2-elf/lib/mno-hw-mul\libc.a(lib_a-rand.o)
                0x000000000000e5c0                rand
 .text          0x000000000000e624        0x0 e:/quartus_fpga_design/nios2eds/bin/gnu/h-x86_64-mingw32/bin/../lib/gcc/nios2-elf/5.3.0/../../../../../H-x86_64-mingw32/nios2-elf/lib/mno-hw-mul\libc.a(lib_a-sbrkr.o)
 .text._sbrk_r  0x000000000000e624       0x54 e:/quartus_fpga_design/nios2eds/bin/gnu/h-x86_64-mingw32/bin/../lib/gcc/nios2-elf/5.3.0/../../../../../H-x86_64-mingw32/nios2-elf/lib/mno-hw-mul\libc.a(lib_a-sbrkr.o)
                0x000000000000e624                _sbrk_r
 .text          0x000000000000e678        0x0 e:/quartus_fpga_design/nios2eds/bin/gnu/h-x86_64-mingw32/bin/../lib/gcc/nios2-elf/5.3.0/../../../../../H-x86_64-mingw32/nios2-elf/lib/mno-hw-mul\libc.a(lib_a-strlen.o)
 .text.strlen   0x000000000000e678       0x98 e:/quartus_fpga_design/nios2eds/bin/gnu/h-x86_64-mingw32/bin/../lib/gcc/nios2-elf/5.3.0/../../../../../H-x86_64-mingw32/nios2-elf/lib/mno-hw-mul\libc.a(lib_a-strlen.o)
                0x000000000000e678                strlen
 .text          0x000000000000e710        0x0 e:/quartus_fpga_design/nios2eds/bin/gnu/h-x86_64-mingw32/bin/../lib/gcc/nios2-elf/5.3.0/../../../../../H-x86_64-mingw32/nios2-elf/lib/mno-hw-mul\libc.a(lib_a-timesr.o)
 .text._times_r
                0x000000000000e710        0x8 e:/quartus_fpga_design/nios2eds/bin/gnu/h-x86_64-mingw32/bin/../lib/gcc/nios2-elf/5.3.0/../../../../../H-x86_64-mingw32/nios2-elf/lib/mno-hw-mul\libc.a(lib_a-timesr.o)
                0x000000000000e710                _times_r
 .text          0x000000000000e718        0x0 e:/quartus_fpga_design/nios2eds/bin/gnu/h-x86_64-mingw32/bin/../lib/gcc/nios2-elf/5.3.0/../../../../../H-x86_64-mingw32/nios2-elf/lib/mno-hw-mul\libc.a(lib_a-vfprintf.o)
 .text.___vfprintf_internal_r
                0x000000000000e718     0x22dc e:/quartus_fpga_design/nios2eds/bin/gnu/h-x86_64-mingw32/bin/../lib/gcc/nios2-elf/5.3.0/../../../../../H-x86_64-mingw32/nios2-elf/lib/mno-hw-mul\libc.a(lib_a-vfprintf.o)
                0x000000000000e718                ___vfprintf_internal_r
 .text.__vfprintf_internal
                0x00000000000109f4       0x1c e:/quartus_fpga_design/nios2eds/bin/gnu/h-x86_64-mingw32/bin/../lib/gcc/nios2-elf/5.3.0/../../../../../H-x86_64-mingw32/nios2-elf/lib/mno-hw-mul\libc.a(lib_a-vfprintf.o)
                0x00000000000109f4                __vfprintf_internal
 .text.__sbprintf
                0x0000000000010a10       0xbc e:/quartus_fpga_design/nios2eds/bin/gnu/h-x86_64-mingw32/bin/../lib/gcc/nios2-elf/5.3.0/../../../../../H-x86_64-mingw32/nios2-elf/lib/mno-hw-mul\libc.a(lib_a-vfprintf.o)
 .text          0x0000000000010acc        0x0 e:/quartus_fpga_design/nios2eds/bin/gnu/h-x86_64-mingw32/bin/../lib/gcc/nios2-elf/5.3.0/../../../../../H-x86_64-mingw32/nios2-elf/lib/mno-hw-mul\libc.a(lib_a-wsetup.o)
 .text.__swsetup_r
                0x0000000000010acc      0x154 e:/quartus_fpga_design/nios2eds/bin/gnu/h-x86_64-mingw32/bin/../lib/gcc/nios2-elf/5.3.0/../../../../../H-x86_64-mingw32/nios2-elf/lib/mno-hw-mul\libc.a(lib_a-wsetup.o)
                0x0000000000010acc                __swsetup_r
 .text          0x0000000000010c20        0x0 e:/quartus_fpga_design/nios2eds/bin/gnu/h-x86_64-mingw32/bin/../lib/gcc/nios2-elf/5.3.0/../../../../../H-x86_64-mingw32/nios2-elf/lib/mno-hw-mul\libc.a(lib_a-dtoa.o)
 .text.quorem   0x0000000000010c20      0x228 e:/quartus_fpga_design/nios2eds/bin/gnu/h-x86_64-mingw32/bin/../lib/gcc/nios2-elf/5.3.0/../../../../../H-x86_64-mingw32/nios2-elf/lib/mno-hw-mul\libc.a(lib_a-dtoa.o)
 .text._dtoa_r  0x0000000000010e48     0x1688 e:/quartus_fpga_design/nios2eds/bin/gnu/h-x86_64-mingw32/bin/../lib/gcc/nios2-elf/5.3.0/../../../../../H-x86_64-mingw32/nios2-elf/lib/mno-hw-mul\libc.a(lib_a-dtoa.o)
                0x0000000000010e48                _dtoa_r
 .text          0x00000000000124d0        0x0 e:/quartus_fpga_design/nios2eds/bin/gnu/h-x86_64-mingw32/bin/../lib/gcc/nios2-elf/5.3.0/../../../../../H-x86_64-mingw32/nios2-elf/lib/mno-hw-mul\libc.a(lib_a-fflush.o)
 .text.__sflush_r
                0x00000000000124d0      0x21c e:/quartus_fpga_design/nios2eds/bin/gnu/h-x86_64-mingw32/bin/../lib/gcc/nios2-elf/5.3.0/../../../../../H-x86_64-mingw32/nios2-elf/lib/mno-hw-mul\libc.a(lib_a-fflush.o)
                0x00000000000124d0                __sflush_r
 .text._fflush_r
                0x00000000000126ec       0x5c e:/quartus_fpga_design/nios2eds/bin/gnu/h-x86_64-mingw32/bin/../lib/gcc/nios2-elf/5.3.0/../../../../../H-x86_64-mingw32/nios2-elf/lib/mno-hw-mul\libc.a(lib_a-fflush.o)
                0x00000000000126ec                _fflush_r
 .text.fflush   0x0000000000012748       0x30 e:/quartus_fpga_design/nios2eds/bin/gnu/h-x86_64-mingw32/bin/../lib/gcc/nios2-elf/5.3.0/../../../../../H-x86_64-mingw32/nios2-elf/lib/mno-hw-mul\libc.a(lib_a-fflush.o)
                0x0000000000012748                fflush
 .text          0x0000000000012778        0x0 e:/quartus_fpga_design/nios2eds/bin/gnu/h-x86_64-mingw32/bin/../lib/gcc/nios2-elf/5.3.0/../../../../../H-x86_64-mingw32/nios2-elf/lib/mno-hw-mul\libc.a(lib_a-findfp.o)
 .text.__fp_unlock
                0x0000000000012778        0x8 e:/quartus_fpga_design/nios2eds/bin/gnu/h-x86_64-mingw32/bin/../lib/gcc/nios2-elf/5.3.0/../../../../../H-x86_64-mingw32/nios2-elf/lib/mno-hw-mul\libc.a(lib_a-findfp.o)
 .text._cleanup_r
                0x0000000000012780        0xc e:/quartus_fpga_design/nios2eds/bin/gnu/h-x86_64-mingw32/bin/../lib/gcc/nios2-elf/5.3.0/../../../../../H-x86_64-mingw32/nios2-elf/lib/mno-hw-mul\libc.a(lib_a-findfp.o)
                0x0000000000012780                _cleanup_r
 .text.__sinit.part.1
                0x000000000001278c      0x19c e:/quartus_fpga_design/nios2eds/bin/gnu/h-x86_64-mingw32/bin/../lib/gcc/nios2-elf/5.3.0/../../../../../H-x86_64-mingw32/nios2-elf/lib/mno-hw-mul\libc.a(lib_a-findfp.o)
 .text.__fp_lock
                0x0000000000012928        0x8 e:/quartus_fpga_design/nios2eds/bin/gnu/h-x86_64-mingw32/bin/../lib/gcc/nios2-elf/5.3.0/../../../../../H-x86_64-mingw32/nios2-elf/lib/mno-hw-mul\libc.a(lib_a-findfp.o)
 .text.__sfmoreglue
                0x0000000000012930       0x78 e:/quartus_fpga_design/nios2eds/bin/gnu/h-x86_64-mingw32/bin/../lib/gcc/nios2-elf/5.3.0/../../../../../H-x86_64-mingw32/nios2-elf/lib/mno-hw-mul\libc.a(lib_a-findfp.o)
                0x0000000000012930                __sfmoreglue
 .text.__sfp    0x00000000000129a8      0x118 e:/quartus_fpga_design/nios2eds/bin/gnu/h-x86_64-mingw32/bin/../lib/gcc/nios2-elf/5.3.0/../../../../../H-x86_64-mingw32/nios2-elf/lib/mno-hw-mul\libc.a(lib_a-findfp.o)
                0x00000000000129a8                __sfp
 .text._cleanup
                0x0000000000012ac0       0x18 e:/quartus_fpga_design/nios2eds/bin/gnu/h-x86_64-mingw32/bin/../lib/gcc/nios2-elf/5.3.0/../../../../../H-x86_64-mingw32/nios2-elf/lib/mno-hw-mul\libc.a(lib_a-findfp.o)
                0x0000000000012ac0                _cleanup
 .text.__sinit  0x0000000000012ad8       0x10 e:/quartus_fpga_design/nios2eds/bin/gnu/h-x86_64-mingw32/bin/../lib/gcc/nios2-elf/5.3.0/../../../../../H-x86_64-mingw32/nios2-elf/lib/mno-hw-mul\libc.a(lib_a-findfp.o)
                0x0000000000012ad8                __sinit
 .text.__sfp_lock_acquire
                0x0000000000012ae8        0x4 e:/quartus_fpga_design/nios2eds/bin/gnu/h-x86_64-mingw32/bin/../lib/gcc/nios2-elf/5.3.0/../../../../../H-x86_64-mingw32/nios2-elf/lib/mno-hw-mul\libc.a(lib_a-findfp.o)
                0x0000000000012ae8                __sfp_lock_acquire
 .text.__sfp_lock_release
                0x0000000000012aec        0x4 e:/quartus_fpga_design/nios2eds/bin/gnu/h-x86_64-mingw32/bin/../lib/gcc/nios2-elf/5.3.0/../../../../../H-x86_64-mingw32/nios2-elf/lib/mno-hw-mul\libc.a(lib_a-findfp.o)
                0x0000000000012aec                __sfp_lock_release
 .text.__sinit_lock_acquire
                0x0000000000012af0        0x4 e:/quartus_fpga_design/nios2eds/bin/gnu/h-x86_64-mingw32/bin/../lib/gcc/nios2-elf/5.3.0/../../../../../H-x86_64-mingw32/nios2-elf/lib/mno-hw-mul\libc.a(lib_a-findfp.o)
                0x0000000000012af0                __sinit_lock_acquire
 .text.__sinit_lock_release
                0x0000000000012af4        0x4 e:/quartus_fpga_design/nios2eds/bin/gnu/h-x86_64-mingw32/bin/../lib/gcc/nios2-elf/5.3.0/../../../../../H-x86_64-mingw32/nios2-elf/lib/mno-hw-mul\libc.a(lib_a-findfp.o)
                0x0000000000012af4                __sinit_lock_release
 .text.__fp_lock_all
                0x0000000000012af8       0x18 e:/quartus_fpga_design/nios2eds/bin/gnu/h-x86_64-mingw32/bin/../lib/gcc/nios2-elf/5.3.0/../../../../../H-x86_64-mingw32/nios2-elf/lib/mno-hw-mul\libc.a(lib_a-findfp.o)
                0x0000000000012af8                __fp_lock_all
 .text.__fp_unlock_all
                0x0000000000012b10       0x18 e:/quartus_fpga_design/nios2eds/bin/gnu/h-x86_64-mingw32/bin/../lib/gcc/nios2-elf/5.3.0/../../../../../H-x86_64-mingw32/nios2-elf/lib/mno-hw-mul\libc.a(lib_a-findfp.o)
                0x0000000000012b10                __fp_unlock_all
 .text          0x0000000000012b28        0x0 e:/quartus_fpga_design/nios2eds/bin/gnu/h-x86_64-mingw32/bin/../lib/gcc/nios2-elf/5.3.0/../../../../../H-x86_64-mingw32/nios2-elf/lib/mno-hw-mul\libc.a(lib_a-freer.o)
 .text._malloc_trim_r
                0x0000000000012b28      0x124 e:/quartus_fpga_design/nios2eds/bin/gnu/h-x86_64-mingw32/bin/../lib/gcc/nios2-elf/5.3.0/../../../../../H-x86_64-mingw32/nios2-elf/lib/mno-hw-mul\libc.a(lib_a-freer.o)
                0x0000000000012b28                _malloc_trim_r
 .text._free_r  0x0000000000012c4c      0x310 e:/quartus_fpga_design/nios2eds/bin/gnu/h-x86_64-mingw32/bin/../lib/gcc/nios2-elf/5.3.0/../../../../../H-x86_64-mingw32/nios2-elf/lib/mno-hw-mul\libc.a(lib_a-freer.o)
                0x0000000000012c4c                _free_r
 .text          0x0000000000012f5c        0x0 e:/quartus_fpga_design/nios2eds/bin/gnu/h-x86_64-mingw32/bin/../lib/gcc/nios2-elf/5.3.0/../../../../../H-x86_64-mingw32/nios2-elf/lib/mno-hw-mul\libc.a(lib_a-fvwrite.o)
 .text.__sfvwrite_r
                0x0000000000012f5c      0x4c8 e:/quartus_fpga_design/nios2eds/bin/gnu/h-x86_64-mingw32/bin/../lib/gcc/nios2-elf/5.3.0/../../../../../H-x86_64-mingw32/nios2-elf/lib/mno-hw-mul\libc.a(lib_a-fvwrite.o)
                0x0000000000012f5c                __sfvwrite_r
 .text          0x0000000000013424        0x0 e:/quartus_fpga_design/nios2eds/bin/gnu/h-x86_64-mingw32/bin/../lib/gcc/nios2-elf/5.3.0/../../../../../H-x86_64-mingw32/nios2-elf/lib/mno-hw-mul\libc.a(lib_a-fwalk.o)
 .text._fwalk   0x0000000000013424       0xc4 e:/quartus_fpga_design/nios2eds/bin/gnu/h-x86_64-mingw32/bin/../lib/gcc/nios2-elf/5.3.0/../../../../../H-x86_64-mingw32/nios2-elf/lib/mno-hw-mul\libc.a(lib_a-fwalk.o)
                0x0000000000013424                _fwalk
 .text._fwalk_reent
                0x00000000000134e8       0xc4 e:/quartus_fpga_design/nios2eds/bin/gnu/h-x86_64-mingw32/bin/../lib/gcc/nios2-elf/5.3.0/../../../../../H-x86_64-mingw32/nios2-elf/lib/mno-hw-mul\libc.a(lib_a-fwalk.o)
                0x00000000000134e8                _fwalk_reent
 .text          0x00000000000135ac        0x0 e:/quartus_fpga_design/nios2eds/bin/gnu/h-x86_64-mingw32/bin/../lib/gcc/nios2-elf/5.3.0/../../../../../H-x86_64-mingw32/nios2-elf/lib/mno-hw-mul\libc.a(lib_a-int_errno.o)
 .text          0x00000000000135ac        0x0 e:/quartus_fpga_design/nios2eds/bin/gnu/h-x86_64-mingw32/bin/../lib/gcc/nios2-elf/5.3.0/../../../../../H-x86_64-mingw32/nios2-elf/lib/mno-hw-mul\libc.a(lib_a-locale.o)
 .text._setlocale_r
                0x00000000000135ac       0x7c e:/quartus_fpga_design/nios2eds/bin/gnu/h-x86_64-mingw32/bin/../lib/gcc/nios2-elf/5.3.0/../../../../../H-x86_64-mingw32/nios2-elf/lib/mno-hw-mul\libc.a(lib_a-locale.o)
                0x00000000000135ac                _setlocale_r
 .text.__locale_charset
                0x0000000000013628        0xc e:/quartus_fpga_design/nios2eds/bin/gnu/h-x86_64-mingw32/bin/../lib/gcc/nios2-elf/5.3.0/../../../../../H-x86_64-mingw32/nios2-elf/lib/mno-hw-mul\libc.a(lib_a-locale.o)
                0x0000000000013628                __locale_charset
 .text.__locale_mb_cur_max
                0x0000000000013634       0x10 e:/quartus_fpga_design/nios2eds/bin/gnu/h-x86_64-mingw32/bin/../lib/gcc/nios2-elf/5.3.0/../../../../../H-x86_64-mingw32/nios2-elf/lib/mno-hw-mul\libc.a(lib_a-locale.o)
                0x0000000000013634                __locale_mb_cur_max
 .text.__locale_msgcharset
                0x0000000000013644        0xc e:/quartus_fpga_design/nios2eds/bin/gnu/h-x86_64-mingw32/bin/../lib/gcc/nios2-elf/5.3.0/../../../../../H-x86_64-mingw32/nios2-elf/lib/mno-hw-mul\libc.a(lib_a-locale.o)
                0x0000000000013644                __locale_msgcharset
 .text.__locale_cjk_lang
                0x0000000000013650        0x8 e:/quartus_fpga_design/nios2eds/bin/gnu/h-x86_64-mingw32/bin/../lib/gcc/nios2-elf/5.3.0/../../../../../H-x86_64-mingw32/nios2-elf/lib/mno-hw-mul\libc.a(lib_a-locale.o)
                0x0000000000013650                __locale_cjk_lang
 .text._localeconv_r
                0x0000000000013658        0xc e:/quartus_fpga_design/nios2eds/bin/gnu/h-x86_64-mingw32/bin/../lib/gcc/nios2-elf/5.3.0/../../../../../H-x86_64-mingw32/nios2-elf/lib/mno-hw-mul\libc.a(lib_a-locale.o)
                0x0000000000013658                _localeconv_r
 .text.setlocale
                0x0000000000013664       0x18 e:/quartus_fpga_design/nios2eds/bin/gnu/h-x86_64-mingw32/bin/../lib/gcc/nios2-elf/5.3.0/../../../../../H-x86_64-mingw32/nios2-elf/lib/mno-hw-mul\libc.a(lib_a-locale.o)
                0x0000000000013664                setlocale
 .text.localeconv
                0x000000000001367c        0xc e:/quartus_fpga_design/nios2eds/bin/gnu/h-x86_64-mingw32/bin/../lib/gcc/nios2-elf/5.3.0/../../../../../H-x86_64-mingw32/nios2-elf/lib/mno-hw-mul\libc.a(lib_a-locale.o)
                0x000000000001367c                localeconv
 .text          0x0000000000013688        0x0 e:/quartus_fpga_design/nios2eds/bin/gnu/h-x86_64-mingw32/bin/../lib/gcc/nios2-elf/5.3.0/../../../../../H-x86_64-mingw32/nios2-elf/lib/mno-hw-mul\libc.a(lib_a-makebuf.o)
 .text.__smakebuf_r
                0x0000000000013688      0x1bc e:/quartus_fpga_design/nios2eds/bin/gnu/h-x86_64-mingw32/bin/../lib/gcc/nios2-elf/5.3.0/../../../../../H-x86_64-mingw32/nios2-elf/lib/mno-hw-mul\libc.a(lib_a-makebuf.o)
                0x0000000000013688                __smakebuf_r
 .text          0x0000000000013844        0x0 e:/quartus_fpga_design/nios2eds/bin/gnu/h-x86_64-mingw32/bin/../lib/gcc/nios2-elf/5.3.0/../../../../../H-x86_64-mingw32/nios2-elf/lib/mno-hw-mul\libc.a(lib_a-memchr.o)
 .text.memchr   0x0000000000013844       0xe4 e:/quartus_fpga_design/nios2eds/bin/gnu/h-x86_64-mingw32/bin/../lib/gcc/nios2-elf/5.3.0/../../../../../H-x86_64-mingw32/nios2-elf/lib/mno-hw-mul\libc.a(lib_a-memchr.o)
                0x0000000000013844                memchr
 .text          0x0000000000013928        0x0 e:/quartus_fpga_design/nios2eds/bin/gnu/h-x86_64-mingw32/bin/../lib/gcc/nios2-elf/5.3.0/../../../../../H-x86_64-mingw32/nios2-elf/lib/mno-hw-mul\libc.a(lib_a-memcpy.o)
 .text.memcpy   0x0000000000013928      0x148 e:/quartus_fpga_design/nios2eds/bin/gnu/h-x86_64-mingw32/bin/../lib/gcc/nios2-elf/5.3.0/../../../../../H-x86_64-mingw32/nios2-elf/lib/mno-hw-mul\libc.a(lib_a-memcpy.o)
                0x0000000000013928                memcpy
 .text          0x0000000000013a70        0x0 e:/quartus_fpga_design/nios2eds/bin/gnu/h-x86_64-mingw32/bin/../lib/gcc/nios2-elf/5.3.0/../../../../../H-x86_64-mingw32/nios2-elf/lib/mno-hw-mul\libc.a(lib_a-memmove.o)
 .text.memmove  0x0000000000013a70      0x15c e:/quartus_fpga_design/nios2eds/bin/gnu/h-x86_64-mingw32/bin/../lib/gcc/nios2-elf/5.3.0/../../../../../H-x86_64-mingw32/nios2-elf/lib/mno-hw-mul\libc.a(lib_a-memmove.o)
                0x0000000000013a70                memmove
 .text          0x0000000000013bcc        0x0 e:/quartus_fpga_design/nios2eds/bin/gnu/h-x86_64-mingw32/bin/../lib/gcc/nios2-elf/5.3.0/../../../../../H-x86_64-mingw32/nios2-elf/lib/mno-hw-mul\libc.a(lib_a-memset.o)
 .text.memset   0x0000000000013bcc      0x128 e:/quartus_fpga_design/nios2eds/bin/gnu/h-x86_64-mingw32/bin/../lib/gcc/nios2-elf/5.3.0/../../../../../H-x86_64-mingw32/nios2-elf/lib/mno-hw-mul\libc.a(lib_a-memset.o)
                0x0000000000013bcc                memset
 .text          0x0000000000013cf4        0x0 e:/quartus_fpga_design/nios2eds/bin/gnu/h-x86_64-mingw32/bin/../lib/gcc/nios2-elf/5.3.0/../../../../../H-x86_64-mingw32/nios2-elf/lib/mno-hw-mul\libc.a(lib_a-mprec.o)
 .text._Balloc  0x0000000000013cf4       0xa8 e:/quartus_fpga_design/nios2eds/bin/gnu/h-x86_64-mingw32/bin/../lib/gcc/nios2-elf/5.3.0/../../../../../H-x86_64-mingw32/nios2-elf/lib/mno-hw-mul\libc.a(lib_a-mprec.o)
                0x0000000000013cf4                _Balloc
 .text._Bfree   0x0000000000013d9c       0x28 e:/quartus_fpga_design/nios2eds/bin/gnu/h-x86_64-mingw32/bin/../lib/gcc/nios2-elf/5.3.0/../../../../../H-x86_64-mingw32/nios2-elf/lib/mno-hw-mul\libc.a(lib_a-mprec.o)
                0x0000000000013d9c                _Bfree
 .text.__multadd
                0x0000000000013dc4      0x148 e:/quartus_fpga_design/nios2eds/bin/gnu/h-x86_64-mingw32/bin/../lib/gcc/nios2-elf/5.3.0/../../../../../H-x86_64-mingw32/nios2-elf/lib/mno-hw-mul\libc.a(lib_a-mprec.o)
                0x0000000000013dc4                __multadd
 .text.__s2b    0x0000000000013f0c      0x104 e:/quartus_fpga_design/nios2eds/bin/gnu/h-x86_64-mingw32/bin/../lib/gcc/nios2-elf/5.3.0/../../../../../H-x86_64-mingw32/nios2-elf/lib/mno-hw-mul\libc.a(lib_a-mprec.o)
                0x0000000000013f0c                __s2b
 .text.__hi0bits
                0x0000000000014010       0x68 e:/quartus_fpga_design/nios2eds/bin/gnu/h-x86_64-mingw32/bin/../lib/gcc/nios2-elf/5.3.0/../../../../../H-x86_64-mingw32/nios2-elf/lib/mno-hw-mul\libc.a(lib_a-mprec.o)
                0x0000000000014010                __hi0bits
 .text.__lo0bits
                0x0000000000014078       0xb0 e:/quartus_fpga_design/nios2eds/bin/gnu/h-x86_64-mingw32/bin/../lib/gcc/nios2-elf/5.3.0/../../../../../H-x86_64-mingw32/nios2-elf/lib/mno-hw-mul\libc.a(lib_a-mprec.o)
                0x0000000000014078                __lo0bits
 .text.__i2b    0x0000000000014128       0x3c e:/quartus_fpga_design/nios2eds/bin/gnu/h-x86_64-mingw32/bin/../lib/gcc/nios2-elf/5.3.0/../../../../../H-x86_64-mingw32/nios2-elf/lib/mno-hw-mul\libc.a(lib_a-mprec.o)
                0x0000000000014128                __i2b
 .text.__multiply
                0x0000000000014164      0x28c e:/quartus_fpga_design/nios2eds/bin/gnu/h-x86_64-mingw32/bin/../lib/gcc/nios2-elf/5.3.0/../../../../../H-x86_64-mingw32/nios2-elf/lib/mno-hw-mul\libc.a(lib_a-mprec.o)
                0x0000000000014164                __multiply
 .text.__pow5mult
                0x00000000000143f0      0x140 e:/quartus_fpga_design/nios2eds/bin/gnu/h-x86_64-mingw32/bin/../lib/gcc/nios2-elf/5.3.0/../../../../../H-x86_64-mingw32/nios2-elf/lib/mno-hw-mul\libc.a(lib_a-mprec.o)
                0x00000000000143f0                __pow5mult
 .text.__lshift
                0x0000000000014530      0x148 e:/quartus_fpga_design/nios2eds/bin/gnu/h-x86_64-mingw32/bin/../lib/gcc/nios2-elf/5.3.0/../../../../../H-x86_64-mingw32/nios2-elf/lib/mno-hw-mul\libc.a(lib_a-mprec.o)
                0x0000000000014530                __lshift
 .text.__mcmp   0x0000000000014678       0x60 e:/quartus_fpga_design/nios2eds/bin/gnu/h-x86_64-mingw32/bin/../lib/gcc/nios2-elf/5.3.0/../../../../../H-x86_64-mingw32/nios2-elf/lib/mno-hw-mul\libc.a(lib_a-mprec.o)
                0x0000000000014678                __mcmp
 .text.__mdiff  0x00000000000146d8      0x1fc e:/quartus_fpga_design/nios2eds/bin/gnu/h-x86_64-mingw32/bin/../lib/gcc/nios2-elf/5.3.0/../../../../../H-x86_64-mingw32/nios2-elf/lib/mno-hw-mul\libc.a(lib_a-mprec.o)
                0x00000000000146d8                __mdiff
 .text.__ulp    0x00000000000148d4       0x64 e:/quartus_fpga_design/nios2eds/bin/gnu/h-x86_64-mingw32/bin/../lib/gcc/nios2-elf/5.3.0/../../../../../H-x86_64-mingw32/nios2-elf/lib/mno-hw-mul\libc.a(lib_a-mprec.o)
                0x00000000000148d4                __ulp
 .text.__b2d    0x0000000000014938      0x10c e:/quartus_fpga_design/nios2eds/bin/gnu/h-x86_64-mingw32/bin/../lib/gcc/nios2-elf/5.3.0/../../../../../H-x86_64-mingw32/nios2-elf/lib/mno-hw-mul\libc.a(lib_a-mprec.o)
                0x0000000000014938                __b2d
 .text.__d2b    0x0000000000014a44      0x14c e:/quartus_fpga_design/nios2eds/bin/gnu/h-x86_64-mingw32/bin/../lib/gcc/nios2-elf/5.3.0/../../../../../H-x86_64-mingw32/nios2-elf/lib/mno-hw-mul\libc.a(lib_a-mprec.o)
                0x0000000000014a44                __d2b
 .text.__ratio  0x0000000000014b90       0xa4 e:/quartus_fpga_design/nios2eds/bin/gnu/h-x86_64-mingw32/bin/../lib/gcc/nios2-elf/5.3.0/../../../../../H-x86_64-mingw32/nios2-elf/lib/mno-hw-mul\libc.a(lib_a-mprec.o)
                0x0000000000014b90                __ratio
 .text._mprec_log10
                0x0000000000014c34       0x74 e:/quartus_fpga_design/nios2eds/bin/gnu/h-x86_64-mingw32/bin/../lib/gcc/nios2-elf/5.3.0/../../../../../H-x86_64-mingw32/nios2-elf/lib/mno-hw-mul\libc.a(lib_a-mprec.o)
                0x0000000000014c34                _mprec_log10
 .text.__copybits
                0x0000000000014ca8       0x78 e:/quartus_fpga_design/nios2eds/bin/gnu/h-x86_64-mingw32/bin/../lib/gcc/nios2-elf/5.3.0/../../../../../H-x86_64-mingw32/nios2-elf/lib/mno-hw-mul\libc.a(lib_a-mprec.o)
                0x0000000000014ca8                __copybits
 .text.__any_on
                0x0000000000014d20       0x8c e:/quartus_fpga_design/nios2eds/bin/gnu/h-x86_64-mingw32/bin/../lib/gcc/nios2-elf/5.3.0/../../../../../H-x86_64-mingw32/nios2-elf/lib/mno-hw-mul\libc.a(lib_a-mprec.o)
                0x0000000000014d20                __any_on
 .text          0x0000000000014dac        0x0 e:/quartus_fpga_design/nios2eds/bin/gnu/h-x86_64-mingw32/bin/../lib/gcc/nios2-elf/5.3.0/../../../../../H-x86_64-mingw32/nios2-elf/lib/mno-hw-mul\libc.a(lib_a-reallocr.o)
 .text._realloc_r
                0x0000000000014dac      0x564 e:/quartus_fpga_design/nios2eds/bin/gnu/h-x86_64-mingw32/bin/../lib/gcc/nios2-elf/5.3.0/../../../../../H-x86_64-mingw32/nios2-elf/lib/mno-hw-mul\libc.a(lib_a-reallocr.o)
                0x0000000000014dac                _realloc_r
 .text          0x0000000000015310        0x0 e:/quartus_fpga_design/nios2eds/bin/gnu/h-x86_64-mingw32/bin/../lib/gcc/nios2-elf/5.3.0/../../../../../H-x86_64-mingw32/nios2-elf/lib/mno-hw-mul\libc.a(lib_a-s_fpclassify.o)
 .text.__fpclassifyd
                0x0000000000015310       0x74 e:/quartus_fpga_design/nios2eds/bin/gnu/h-x86_64-mingw32/bin/../lib/gcc/nios2-elf/5.3.0/../../../../../H-x86_64-mingw32/nios2-elf/lib/mno-hw-mul\libc.a(lib_a-s_fpclassify.o)
                0x0000000000015310                __fpclassifyd
 .text          0x0000000000015384        0x0 e:/quartus_fpga_design/nios2eds/bin/gnu/h-x86_64-mingw32/bin/../lib/gcc/nios2-elf/5.3.0/../../../../../H-x86_64-mingw32/nios2-elf/lib/mno-hw-mul\libc.a(lib_a-stdio.o)
 .text.__sread  0x0000000000015384       0x54 e:/quartus_fpga_design/nios2eds/bin/gnu/h-x86_64-mingw32/bin/../lib/gcc/nios2-elf/5.3.0/../../../../../H-x86_64-mingw32/nios2-elf/lib/mno-hw-mul\libc.a(lib_a-stdio.o)
                0x0000000000015384                __sread
 .text.__seofread
                0x00000000000153d8        0x8 e:/quartus_fpga_design/nios2eds/bin/gnu/h-x86_64-mingw32/bin/../lib/gcc/nios2-elf/5.3.0/../../../../../H-x86_64-mingw32/nios2-elf/lib/mno-hw-mul\libc.a(lib_a-stdio.o)
                0x00000000000153d8                __seofread
 .text.__swrite
                0x00000000000153e0       0x7c e:/quartus_fpga_design/nios2eds/bin/gnu/h-x86_64-mingw32/bin/../lib/gcc/nios2-elf/5.3.0/../../../../../H-x86_64-mingw32/nios2-elf/lib/mno-hw-mul\libc.a(lib_a-stdio.o)
                0x00000000000153e0                __swrite
 .text.__sseek  0x000000000001545c       0x5c e:/quartus_fpga_design/nios2eds/bin/gnu/h-x86_64-mingw32/bin/../lib/gcc/nios2-elf/5.3.0/../../../../../H-x86_64-mingw32/nios2-elf/lib/mno-hw-mul\libc.a(lib_a-stdio.o)
                0x000000000001545c                __sseek
 .text.__sclose
                0x00000000000154b8        0x8 e:/quartus_fpga_design/nios2eds/bin/gnu/h-x86_64-mingw32/bin/../lib/gcc/nios2-elf/5.3.0/../../../../../H-x86_64-mingw32/nios2-elf/lib/mno-hw-mul\libc.a(lib_a-stdio.o)
                0x00000000000154b8                __sclose
 .text          0x00000000000154c0        0x0 e:/quartus_fpga_design/nios2eds/bin/gnu/h-x86_64-mingw32/bin/../lib/gcc/nios2-elf/5.3.0/../../../../../H-x86_64-mingw32/nios2-elf/lib/mno-hw-mul\libc.a(lib_a-strcmp.o)
 .text.strcmp   0x00000000000154c0       0xdc e:/quartus_fpga_design/nios2eds/bin/gnu/h-x86_64-mingw32/bin/../lib/gcc/nios2-elf/5.3.0/../../../../../H-x86_64-mingw32/nios2-elf/lib/mno-hw-mul\libc.a(lib_a-strcmp.o)
                0x00000000000154c0                strcmp
 .text          0x000000000001559c        0x0 e:/quartus_fpga_design/nios2eds/bin/gnu/h-x86_64-mingw32/bin/../lib/gcc/nios2-elf/5.3.0/../../../../../H-x86_64-mingw32/nios2-elf/lib/mno-hw-mul\libc.a(lib_a-vfiprintf.o)
 .text.__sprint_r.part.0
                0x000000000001559c       0xfc e:/quartus_fpga_design/nios2eds/bin/gnu/h-x86_64-mingw32/bin/../lib/gcc/nios2-elf/5.3.0/../../../../../H-x86_64-mingw32/nios2-elf/lib/mno-hw-mul\libc.a(lib_a-vfiprintf.o)
 .text.__sprint_r
                0x0000000000015698       0x18 e:/quartus_fpga_design/nios2eds/bin/gnu/h-x86_64-mingw32/bin/../lib/gcc/nios2-elf/5.3.0/../../../../../H-x86_64-mingw32/nios2-elf/lib/mno-hw-mul\libc.a(lib_a-vfiprintf.o)
                0x0000000000015698                __sprint_r
 .text.___vfiprintf_internal_r
                0x00000000000156b0     0x150c e:/quartus_fpga_design/nios2eds/bin/gnu/h-x86_64-mingw32/bin/../lib/gcc/nios2-elf/5.3.0/../../../../../H-x86_64-mingw32/nios2-elf/lib/mno-hw-mul\libc.a(lib_a-vfiprintf.o)
                0x00000000000156b0                ___vfiprintf_internal_r
 .text.__vfiprintf_internal
                0x0000000000016bbc       0x1c e:/quartus_fpga_design/nios2eds/bin/gnu/h-x86_64-mingw32/bin/../lib/gcc/nios2-elf/5.3.0/../../../../../H-x86_64-mingw32/nios2-elf/lib/mno-hw-mul\libc.a(lib_a-vfiprintf.o)
                0x0000000000016bbc                __vfiprintf_internal
 .text.__sbprintf
                0x0000000000016bd8       0xbc e:/quartus_fpga_design/nios2eds/bin/gnu/h-x86_64-mingw32/bin/../lib/gcc/nios2-elf/5.3.0/../../../../../H-x86_64-mingw32/nios2-elf/lib/mno-hw-mul\libc.a(lib_a-vfiprintf.o)
 .text          0x0000000000016c94        0x0 e:/quartus_fpga_design/nios2eds/bin/gnu/h-x86_64-mingw32/bin/../lib/gcc/nios2-elf/5.3.0/../../../../../H-x86_64-mingw32/nios2-elf/lib/mno-hw-mul\libc.a(lib_a-writer.o)
 .text._write_r
                0x0000000000016c94       0x60 e:/quartus_fpga_design/nios2eds/bin/gnu/h-x86_64-mingw32/bin/../lib/gcc/nios2-elf/5.3.0/../../../../../H-x86_64-mingw32/nios2-elf/lib/mno-hw-mul\libc.a(lib_a-writer.o)
                0x0000000000016c94                _write_r
 .text          0x0000000000016cf4        0x0 e:/quartus_fpga_design/nios2eds/bin/gnu/h-x86_64-mingw32/bin/../lib/gcc/nios2-elf/5.3.0/../../../../../H-x86_64-mingw32/nios2-elf/lib/mno-hw-mul\libc.a(closer.o)
 .text._close_r
                0x0000000000016cf4       0x54 e:/quartus_fpga_design/nios2eds/bin/gnu/h-x86_64-mingw32/bin/../lib/gcc/nios2-elf/5.3.0/../../../../../H-x86_64-mingw32/nios2-elf/lib/mno-hw-mul\libc.a(closer.o)
                0x0000000000016cf4                _close_r
 .text          0x0000000000016d48        0x0 e:/quartus_fpga_design/nios2eds/bin/gnu/h-x86_64-mingw32/bin/../lib/gcc/nios2-elf/5.3.0/../../../../../H-x86_64-mingw32/nios2-elf/lib/mno-hw-mul\libc.a(lib_a-callocr.o)
 .text._calloc_r
                0x0000000000016d48       0xdc e:/quartus_fpga_design/nios2eds/bin/gnu/h-x86_64-mingw32/bin/../lib/gcc/nios2-elf/5.3.0/../../../../../H-x86_64-mingw32/nios2-elf/lib/mno-hw-mul\libc.a(lib_a-callocr.o)
                0x0000000000016d48                _calloc_r
 .text          0x0000000000016e24        0x0 e:/quartus_fpga_design/nios2eds/bin/gnu/h-x86_64-mingw32/bin/../lib/gcc/nios2-elf/5.3.0/../../../../../H-x86_64-mingw32/nios2-elf/lib/mno-hw-mul\libc.a(lib_a-fclose.o)
 .text._fclose_r
                0x0000000000016e24       0xf0 e:/quartus_fpga_design/nios2eds/bin/gnu/h-x86_64-mingw32/bin/../lib/gcc/nios2-elf/5.3.0/../../../../../H-x86_64-mingw32/nios2-elf/lib/mno-hw-mul\libc.a(lib_a-fclose.o)
                0x0000000000016e24                _fclose_r
 .text.fclose   0x0000000000016f14       0x14 e:/quartus_fpga_design/nios2eds/bin/gnu/h-x86_64-mingw32/bin/../lib/gcc/nios2-elf/5.3.0/../../../../../H-x86_64-mingw32/nios2-elf/lib/mno-hw-mul\libc.a(lib_a-fclose.o)
                0x0000000000016f14                fclose
 .text          0x0000000000016f28        0x0 e:/quartus_fpga_design/nios2eds/bin/gnu/h-x86_64-mingw32/bin/../lib/gcc/nios2-elf/5.3.0/../../../../../H-x86_64-mingw32/nios2-elf/lib/mno-hw-mul\libc.a(lib_a-fputwc.o)
 .text.__fputwc
                0x0000000000016f28      0x164 e:/quartus_fpga_design/nios2eds/bin/gnu/h-x86_64-mingw32/bin/../lib/gcc/nios2-elf/5.3.0/../../../../../H-x86_64-mingw32/nios2-elf/lib/mno-hw-mul\libc.a(lib_a-fputwc.o)
                0x0000000000016f28                __fputwc
 .text._fputwc_r
                0x000000000001708c       0x24 e:/quartus_fpga_design/nios2eds/bin/gnu/h-x86_64-mingw32/bin/../lib/gcc/nios2-elf/5.3.0/../../../../../H-x86_64-mingw32/nios2-elf/lib/mno-hw-mul\libc.a(lib_a-fputwc.o)
                0x000000000001708c                _fputwc_r
 .text.fputwc   0x00000000000170b0       0x80 e:/quartus_fpga_design/nios2eds/bin/gnu/h-x86_64-mingw32/bin/../lib/gcc/nios2-elf/5.3.0/../../../../../H-x86_64-mingw32/nios2-elf/lib/mno-hw-mul\libc.a(lib_a-fputwc.o)
                0x00000000000170b0                fputwc
 .text          0x0000000000017130        0x0 e:/quartus_fpga_design/nios2eds/bin/gnu/h-x86_64-mingw32/bin/../lib/gcc/nios2-elf/5.3.0/../../../../../H-x86_64-mingw32/nios2-elf/lib/mno-hw-mul\libc.a(lib_a-fstatr.o)
 .text._fstat_r
                0x0000000000017130       0x5c e:/quartus_fpga_design/nios2eds/bin/gnu/h-x86_64-mingw32/bin/../lib/gcc/nios2-elf/5.3.0/../../../../../H-x86_64-mingw32/nios2-elf/lib/mno-hw-mul\libc.a(lib_a-fstatr.o)
                0x0000000000017130                _fstat_r
 .text          0x000000000001718c        0x0 e:/quartus_fpga_design/nios2eds/bin/gnu/h-x86_64-mingw32/bin/../lib/gcc/nios2-elf/5.3.0/../../../../../H-x86_64-mingw32/nios2-elf/lib/mno-hw-mul\libc.a(lib_a-isattyr.o)
 .text._isatty_r
                0x000000000001718c       0x54 e:/quartus_fpga_design/nios2eds/bin/gnu/h-x86_64-mingw32/bin/../lib/gcc/nios2-elf/5.3.0/../../../../../H-x86_64-mingw32/nios2-elf/lib/mno-hw-mul\libc.a(lib_a-isattyr.o)
                0x000000000001718c                _isatty_r
 .text          0x00000000000171e0        0x0 e:/quartus_fpga_design/nios2eds/bin/gnu/h-x86_64-mingw32/bin/../lib/gcc/nios2-elf/5.3.0/../../../../../H-x86_64-mingw32/nios2-elf/lib/mno-hw-mul\libc.a(lib_a-lseekr.o)
 .text._lseek_r
                0x00000000000171e0       0x60 e:/quartus_fpga_design/nios2eds/bin/gnu/h-x86_64-mingw32/bin/../lib/gcc/nios2-elf/5.3.0/../../../../../H-x86_64-mingw32/nios2-elf/lib/mno-hw-mul\libc.a(lib_a-lseekr.o)
                0x00000000000171e0                _lseek_r
 .text          0x0000000000017240        0x0 e:/quartus_fpga_design/nios2eds/bin/gnu/h-x86_64-mingw32/bin/../lib/gcc/nios2-elf/5.3.0/../../../../../H-x86_64-mingw32/nios2-elf/lib/mno-hw-mul\libc.a(lib_a-readr.o)
 .text._read_r  0x0000000000017240       0x60 e:/quartus_fpga_design/nios2eds/bin/gnu/h-x86_64-mingw32/bin/../lib/gcc/nios2-elf/5.3.0/../../../../../H-x86_64-mingw32/nios2-elf/lib/mno-hw-mul\libc.a(lib_a-readr.o)
                0x0000000000017240                _read_r
 .text          0x00000000000172a0        0x0 e:/quartus_fpga_design/nios2eds/bin/gnu/h-x86_64-mingw32/bin/../lib/gcc/nios2-elf/5.3.0/../../../../../H-x86_64-mingw32/nios2-elf/lib/mno-hw-mul\libc.a(lib_a-wbuf.o)
 .text.__swbuf_r
                0x00000000000172a0      0x140 e:/quartus_fpga_design/nios2eds/bin/gnu/h-x86_64-mingw32/bin/../lib/gcc/nios2-elf/5.3.0/../../../../../H-x86_64-mingw32/nios2-elf/lib/mno-hw-mul\libc.a(lib_a-wbuf.o)
                0x00000000000172a0                __swbuf_r
 .text.__swbuf  0x00000000000173e0       0x18 e:/quartus_fpga_design/nios2eds/bin/gnu/h-x86_64-mingw32/bin/../lib/gcc/nios2-elf/5.3.0/../../../../../H-x86_64-mingw32/nios2-elf/lib/mno-hw-mul\libc.a(lib_a-wbuf.o)
                0x00000000000173e0                __swbuf
 .text          0x00000000000173f8        0x0 e:/quartus_fpga_design/nios2eds/bin/gnu/h-x86_64-mingw32/bin/../lib/gcc/nios2-elf/5.3.0/../../../../../H-x86_64-mingw32/nios2-elf/lib/mno-hw-mul\libc.a(lib_a-wcrtomb.o)
 .text._wcrtomb_r
                0x00000000000173f8       0x9c e:/quartus_fpga_design/nios2eds/bin/gnu/h-x86_64-mingw32/bin/../lib/gcc/nios2-elf/5.3.0/../../../../../H-x86_64-mingw32/nios2-elf/lib/mno-hw-mul\libc.a(lib_a-wcrtomb.o)
                0x00000000000173f8                _wcrtomb_r
 .text.wcrtomb  0x0000000000017494       0xc0 e:/quartus_fpga_design/nios2eds/bin/gnu/h-x86_64-mingw32/bin/../lib/gcc/nios2-elf/5.3.0/../../../../../H-x86_64-mingw32/nios2-elf/lib/mno-hw-mul\libc.a(lib_a-wcrtomb.o)
                0x0000000000017494                wcrtomb
 .text          0x0000000000017554        0x0 e:/quartus_fpga_design/nios2eds/bin/gnu/h-x86_64-mingw32/bin/../lib/gcc/nios2-elf/5.3.0/../../../../../H-x86_64-mingw32/nios2-elf/lib/mno-hw-mul\libc.a(lib_a-wctomb_r.o)
 .text.__ascii_wctomb
                0x0000000000017554       0x30 e:/quartus_fpga_design/nios2eds/bin/gnu/h-x86_64-mingw32/bin/../lib/gcc/nios2-elf/5.3.0/../../../../../H-x86_64-mingw32/nios2-elf/lib/mno-hw-mul\libc.a(lib_a-wctomb_r.o)
                0x0000000000017554                __ascii_wctomb
 .text._wctomb_r
                0x0000000000017584       0x5c e:/quartus_fpga_design/nios2eds/bin/gnu/h-x86_64-mingw32/bin/../lib/gcc/nios2-elf/5.3.0/../../../../../H-x86_64-mingw32/nios2-elf/lib/mno-hw-mul\libc.a(lib_a-wctomb_r.o)
                0x0000000000017584                _wctomb_r
 .text          0x00000000000175e0      0x10c e:/quartus_fpga_design/nios2eds/bin/gnu/h-x86_64-mingw32/bin/../lib/gcc/nios2-elf/5.3.0/mno-hw-mul\libgcc.a(_muldi3.o)
                0x00000000000175e0                __muldi3
 .text          0x00000000000176ec      0x5fc e:/quartus_fpga_design/nios2eds/bin/gnu/h-x86_64-mingw32/bin/../lib/gcc/nios2-elf/5.3.0/mno-hw-mul\libgcc.a(_udivdi3.o)
                0x00000000000176ec                __udivdi3
 .text          0x0000000000017ce8      0x5c4 e:/quartus_fpga_design/nios2eds/bin/gnu/h-x86_64-mingw32/bin/../lib/gcc/nios2-elf/5.3.0/mno-hw-mul\libgcc.a(_umoddi3.o)
                0x0000000000017ce8                __umoddi3
 .text          0x00000000000182ac      0x8ac e:/quartus_fpga_design/nios2eds/bin/gnu/h-x86_64-mingw32/bin/../lib/gcc/nios2-elf/5.3.0/mno-hw-mul\libgcc.a(adddf3.o)
                0x00000000000182ac                __adddf3
 .text          0x0000000000018b58       0x88 e:/quartus_fpga_design/nios2eds/bin/gnu/h-x86_64-mingw32/bin/../lib/gcc/nios2-elf/5.3.0/mno-hw-mul\libgcc.a(eqdf2.o)
                0x0000000000018b58                __nedf2
                0x0000000000018b58                __eqdf2
 .text          0x0000000000018be0       0xf4 e:/quartus_fpga_design/nios2eds/bin/gnu/h-x86_64-mingw32/bin/../lib/gcc/nios2-elf/5.3.0/mno-hw-mul\libgcc.a(ledf2.o)
                0x0000000000018be0                __ledf2
                0x0000000000018be0                __ltdf2
 .text          0x0000000000018cd4      0x86c e:/quartus_fpga_design/nios2eds/bin/gnu/h-x86_64-mingw32/bin/../lib/gcc/nios2-elf/5.3.0/mno-hw-mul\libgcc.a(muldf3.o)
                0x0000000000018cd4                __muldf3
 .text          0x0000000000019540       0xdc e:/quartus_fpga_design/nios2eds/bin/gnu/h-x86_64-mingw32/bin/../lib/gcc/nios2-elf/5.3.0/mno-hw-mul\libgcc.a(floatsidf.o)
                0x0000000000019540                __floatsidf
 .text          0x000000000001961c      0x114 ../Bomberman_bsp/\libhal_bsp.a(alt_close.o)
                0x0000000000019658                close
 .text          0x0000000000019730       0x2c ../Bomberman_bsp/\libhal_bsp.a(alt_dev.o)
 .text          0x000000000001975c        0x0 ../Bomberman_bsp/\libhal_bsp.a(alt_errno.o)
 .text          0x000000000001975c       0xf4 ../Bomberman_bsp/\libhal_bsp.a(alt_fstat.o)
                0x0000000000019798                fstat
 .text          0x0000000000019850       0xe8 ../Bomberman_bsp/\libhal_bsp.a(alt_isatty.o)
                0x000000000001988c                isatty
 .text          0x0000000000019938       0xec ../Bomberman_bsp/\libhal_bsp.a(alt_load.o)
                0x00000000000199a0                alt_load
 .text          0x0000000000019a24      0x118 ../Bomberman_bsp/\libhal_bsp.a(alt_lseek.o)
                0x0000000000019a60                lseek
 .text          0x0000000000019b3c       0x7c ../Bomberman_bsp/\libhal_bsp.a(alt_main.o)
                0x0000000000019b3c                alt_main
 .text          0x0000000000019bb8       0x48 ../Bomberman_bsp/\libhal_bsp.a(alt_malloc_lock.o)
                0x0000000000019bb8                __malloc_lock
                0x0000000000019bdc                __malloc_unlock
 .text          0x0000000000019c00      0x140 ../Bomberman_bsp/\libhal_bsp.a(alt_read.o)
                0x0000000000019c3c                read
 .text          0x0000000000019d40       0x84 ../Bomberman_bsp/\libhal_bsp.a(alt_release_fd.o)
                0x0000000000019d40                alt_release_fd
 .text          0x0000000000019dc4       0xb0 ../Bomberman_bsp/\libhal_bsp.a(alt_sbrk.o)
                0x0000000000019dc4                sbrk
 .text          0x0000000000019e74       0xb4 ../Bomberman_bsp/\libhal_bsp.a(alt_times.o)
                0x0000000000019eb0                times
 .text          0x0000000000019f28       0x30 ../Bomberman_bsp/\libhal_bsp.a(alt_usleep.o)
                0x0000000000019f28                usleep
 .text          0x0000000000019f58      0x13c ../Bomberman_bsp/\libhal_bsp.a(alt_write.o)
                0x0000000000019f94                write
 .text          0x000000000001a094       0xd0 ../Bomberman_bsp/\libhal_bsp.a(alt_sys_init.o)
                0x000000000001a0c8                alt_irq_init
                0x000000000001a100                alt_sys_init
 .text          0x000000000001a164      0x164 ../Bomberman_bsp/\libhal_bsp.a(altera_avalon_jtag_uart_fd.o)
                0x000000000001a164                altera_avalon_jtag_uart_read_fd
                0x000000000001a1c4                altera_avalon_jtag_uart_write_fd
                0x000000000001a224                altera_avalon_jtag_uart_close_fd
                0x000000000001a274                altera_avalon_jtag_uart_ioctl_fd
 .text          0x000000000001a2c8      0x3d4 ../Bomberman_bsp/\libhal_bsp.a(altera_avalon_jtag_uart_init.o)
                0x000000000001a2c8                altera_avalon_jtag_uart_init
                0x000000000001a634                altera_avalon_jtag_uart_close
 .text          0x000000000001a69c       0xf0 ../Bomberman_bsp/\libhal_bsp.a(altera_avalon_jtag_uart_ioctl.o)
                0x000000000001a69c                altera_avalon_jtag_uart_ioctl
 .text          0x000000000001a78c      0x21c ../Bomberman_bsp/\libhal_bsp.a(altera_avalon_jtag_uart_read.o)
                0x000000000001a78c                altera_avalon_jtag_uart_read
 .text          0x000000000001a9a8      0x224 ../Bomberman_bsp/\libhal_bsp.a(altera_avalon_jtag_uart_write.o)
                0x000000000001a9a8                altera_avalon_jtag_uart_write
 .text          0x000000000001abcc       0xf4 ../Bomberman_bsp/\libhal_bsp.a(altera_avalon_timer_sc.o)
                0x000000000001ac44                alt_avalon_timer_sc_init
 .text          0x000000000001acc0      0x12c ../Bomberman_bsp/\libhal_bsp.a(alt_alarm_start.o)
                0x000000000001acc0                alt_alarm_start
 .text          0x000000000001adec      0x158 ../Bomberman_bsp/\libhal_bsp.a(alt_busy_sleep.o)
                0x000000000001adec                alt_busy_sleep
 .text          0x000000000001af44       0x20 ../Bomberman_bsp/\libhal_bsp.a(alt_dcache_flush_all.o)
                0x000000000001af44                alt_dcache_flush_all
 .text          0x000000000001af64       0xe0 ../Bomberman_bsp/\libhal_bsp.a(alt_dev_llist_insert.o)
                0x000000000001afa0                alt_dev_llist_insert
 .text          0x000000000001b044       0x60 ../Bomberman_bsp/\libhal_bsp.a(alt_do_ctors.o)
                0x000000000001b044                _do_ctors
 .text          0x000000000001b0a4       0x60 ../Bomberman_bsp/\libhal_bsp.a(alt_do_dtors.o)
                0x000000000001b0a4                _do_dtors
 .text          0x000000000001b104       0x20 ../Bomberman_bsp/\libhal_bsp.a(alt_icache_flush_all.o)
                0x000000000001b104                alt_icache_flush_all
 .text          0x000000000001b124      0x1b0 ../Bomberman_bsp/\libhal_bsp.a(alt_iic.o)
                0x000000000001b124                alt_ic_isr_register
                0x000000000001b174                alt_ic_irq_enable
                0x000000000001b1fc                alt_ic_irq_disable
                0x000000000001b288                alt_ic_irq_enabled
 .text          0x000000000001b2d4       0xf0 ../Bomberman_bsp/\libhal_bsp.a(alt_iic_isr_register.o)
                0x000000000001b2d4                alt_iic_isr_register
 .text          0x000000000001b3c4      0x160 ../Bomberman_bsp/\libhal_bsp.a(alt_io_redirect.o)
                0x000000000001b4a8                alt_io_redirect
 .text          0x000000000001b524        0x0 ../Bomberman_bsp/\libhal_bsp.a(alt_irq_entry.o)
 .text          0x000000000001b524        0x0 ../Bomberman_bsp/\libhal_bsp.a(alt_irq_handler.o)
 .text          0x000000000001b524        0x0 ../Bomberman_bsp/\libhal_bsp.a(alt_irq_vars.o)
 .text          0x000000000001b524      0x284 ../Bomberman_bsp/\libhal_bsp.a(alt_open.o)
                0x000000000001b64c                open
 .text          0x000000000001b7a8      0x1a4 ../Bomberman_bsp/\libhal_bsp.a(alt_tick.o)
                0x000000000001b7a8                alt_alarm_stop
                0x000000000001b844                alt_tick
 .text          0x000000000001b94c       0x24 ../Bomberman_bsp/\libhal_bsp.a(altera_nios2_gen2_irq.o)
                0x000000000001b94c                altera_nios2_gen2_irq_init
 .text          0x000000000001b970        0x0 ../Bomberman_bsp/\libhal_bsp.a(alt_exception_entry.o)
 .text          0x000000000001b970       0x90 ../Bomberman_bsp/\libhal_bsp.a(alt_find_dev.o)
                0x000000000001b970                alt_find_dev
 .text          0x000000000001ba00      0x108 ../Bomberman_bsp/\libhal_bsp.a(alt_find_file.o)
                0x000000000001ba00                alt_find_file
 .text          0x000000000001bb08       0xc4 ../Bomberman_bsp/\libhal_bsp.a(alt_get_fd.o)
                0x000000000001bb08                alt_get_fd
 .text          0x000000000001bbcc       0x9c ../Bomberman_bsp/\libhal_bsp.a(alt_instruction_exception_entry.o)
                0x000000000001bbcc                alt_exception_cause_generated_bad_addr
 .text          0x000000000001bc68        0x0 e:/quartus_fpga_design/nios2eds/bin/gnu/h-x86_64-mingw32/bin/../lib/gcc/nios2-elf/5.3.0/../../../../../H-x86_64-mingw32/nios2-elf/lib/mno-hw-mul\libc.a(lib_a-atexit.o)
 .text.atexit   0x000000000001bc68       0x14 e:/quartus_fpga_design/nios2eds/bin/gnu/h-x86_64-mingw32/bin/../lib/gcc/nios2-elf/5.3.0/../../../../../H-x86_64-mingw32/nios2-elf/lib/mno-hw-mul\libc.a(lib_a-atexit.o)
                0x000000000001bc68                atexit
 .text          0x000000000001bc7c        0x0 e:/quartus_fpga_design/nios2eds/bin/gnu/h-x86_64-mingw32/bin/../lib/gcc/nios2-elf/5.3.0/../../../../../H-x86_64-mingw32/nios2-elf/lib/mno-hw-mul\libc.a(lib_a-exit.o)
 .text.exit     0x000000000001bc7c       0x38 e:/quartus_fpga_design/nios2eds/bin/gnu/h-x86_64-mingw32/bin/../lib/gcc/nios2-elf/5.3.0/../../../../../H-x86_64-mingw32/nios2-elf/lib/mno-hw-mul\libc.a(lib_a-exit.o)
                0x000000000001bc7c                exit
 .text          0x000000000001bcb4        0x0 e:/quartus_fpga_design/nios2eds/bin/gnu/h-x86_64-mingw32/bin/../lib/gcc/nios2-elf/5.3.0/../../../../../H-x86_64-mingw32/nios2-elf/lib/mno-hw-mul\libc.a(lib_a-memcmp.o)
 .text.memcmp   0x000000000001bcb4       0x7c e:/quartus_fpga_design/nios2eds/bin/gnu/h-x86_64-mingw32/bin/../lib/gcc/nios2-elf/5.3.0/../../../../../H-x86_64-mingw32/nios2-elf/lib/mno-hw-mul\libc.a(lib_a-memcmp.o)
                0x000000000001bcb4                memcmp
 .text          0x000000000001bd30        0x0 e:/quartus_fpga_design/nios2eds/bin/gnu/h-x86_64-mingw32/bin/../lib/gcc/nios2-elf/5.3.0/../../../../../H-x86_64-mingw32/nios2-elf/lib/mno-hw-mul\libc.a(lib_a-__atexit.o)
 .text.__register_exitproc
                0x000000000001bd30      0x118 e:/quartus_fpga_design/nios2eds/bin/gnu/h-x86_64-mingw32/bin/../lib/gcc/nios2-elf/5.3.0/../../../../../H-x86_64-mingw32/nios2-elf/lib/mno-hw-mul\libc.a(lib_a-__atexit.o)
                0x000000000001bd30                __register_exitproc
 .text          0x000000000001be48        0x0 e:/quartus_fpga_design/nios2eds/bin/gnu/h-x86_64-mingw32/bin/../lib/gcc/nios2-elf/5.3.0/../../../../../H-x86_64-mingw32/nios2-elf/lib/mno-hw-mul\libc.a(lib_a-__call_atexit.o)
 .text.__call_exitprocs
                0x000000000001be48      0x180 e:/quartus_fpga_design/nios2eds/bin/gnu/h-x86_64-mingw32/bin/../lib/gcc/nios2-elf/5.3.0/../../../../../H-x86_64-mingw32/nios2-elf/lib/mno-hw-mul\libc.a(lib_a-__call_atexit.o)
                0x000000000001be48                __call_exitprocs
 .text          0x000000000001bfc8       0x34 ../Bomberman_bsp/\libhal_bsp.a(alt_exit.o)
                0x000000000001bfc8                _exit
 *(.gnu.warning.*)
 *(.fini)
                [!provide]                        PROVIDE (__etext, ABSOLUTE (.))
                [!provide]                        PROVIDE (_etext, ABSOLUTE (.))
                [!provide]                        PROVIDE (etext, ABSOLUTE (.))
 *(.eh_frame_hdr)
                0x000000000001bffc                . = ALIGN (0x4)
                [!provide]                        PROVIDE (__preinit_array_start, ABSOLUTE (.))
 *(.preinit_array)
                [!provide]                        PROVIDE (__preinit_array_end, ABSOLUTE (.))
                [!provide]                        PROVIDE (__init_array_start, ABSOLUTE (.))
 *(.init_array)
                [!provide]                        PROVIDE (__init_array_end, ABSOLUTE (.))
                [!provide]                        PROVIDE (__fini_array_start, ABSOLUTE (.))
 *(.fini_array)
                [!provide]                        PROVIDE (__fini_array_end, ABSOLUTE (.))
 *(.eh_frame)
 *(.gcc_except_table .gcc_except_table.*)
 *(.dynamic)
                0x000000000001bffc                PROVIDE (__CTOR_LIST__, ABSOLUTE (.))
 *(.ctors)
 *(SORT(.ctors.*))
                0x000000000001bffc                PROVIDE (__CTOR_END__, ABSOLUTE (.))
                0x000000000001bffc                PROVIDE (__DTOR_LIST__, ABSOLUTE (.))
 *(.dtors)
 *(SORT(.dtors.*))
                0x000000000001bffc                PROVIDE (__DTOR_END__, ABSOLUTE (.))
 *(.jcr)
                0x000000000001bffc                . = ALIGN (0x4)

.rodata         0x000000000001bffc      0xbfc
                0x000000000001bffc                PROVIDE (__ram_rodata_start, ABSOLUTE (.))
                0x000000000001bffc                . = ALIGN (0x4)
 *(.rodata .rodata.* .gnu.linkonce.r.*)
 .rodata        0x000000000001bffc      0x730 obj/default/USB_Keyboard_Driver.o
 .rodata        0x000000000001c72c       0x71 obj/default/USB_Keyboard_Driver_Sup/usb.o
 *fill*         0x000000000001c79d        0x3 
 .rodata        0x000000000001c7a0       0x1b obj/default/audio_driver.o
 *fill*         0x000000000001c7bb        0x1 
 .rodata        0x000000000001c7bc       0xc3 obj/default/draw_driver.o
 *fill*         0x000000000001c87f        0x1 
 .rodata        0x000000000001c880       0x78 obj/default/game.o
 .rodata        0x000000000001c8f8      0x100 e:/quartus_fpga_design/nios2eds/bin/gnu/h-x86_64-mingw32/bin/../lib/gcc/nios2-elf/5.3.0/mno-hw-mul\libgcc.a(_clz.o)
                0x000000000001c8f8                __clz_tab
 .rodata.str1.4
                0x000000000001c9f8        0x2 e:/quartus_fpga_design/nios2eds/bin/gnu/h-x86_64-mingw32/bin/../lib/gcc/nios2-elf/5.3.0/../../../../../H-x86_64-mingw32/nios2-elf/lib/mno-hw-mul\libc.a(lib_a-impure.o)
 *fill*         0x000000000001c9fa        0x2 
 .rodata.str1.4
                0x000000000001c9fc        0x2 e:/quartus_fpga_design/nios2eds/bin/gnu/h-x86_64-mingw32/bin/../lib/gcc/nios2-elf/5.3.0/../../../../../H-x86_64-mingw32/nios2-elf/lib/mno-hw-mul\libc.a(lib_a-puts.o)
 *fill*         0x000000000001c9fe        0x2 
 .rodata.str1.4
                0x000000000001ca00       0x42 e:/quartus_fpga_design/nios2eds/bin/gnu/h-x86_64-mingw32/bin/../lib/gcc/nios2-elf/5.3.0/../../../../../H-x86_64-mingw32/nios2-elf/lib/mno-hw-mul\libc.a(lib_a-vfprintf.o)
 .rodata.zeroes.4404
                0x000000000001ca42       0x10 e:/quartus_fpga_design/nios2eds/bin/gnu/h-x86_64-mingw32/bin/../lib/gcc/nios2-elf/5.3.0/../../../../../H-x86_64-mingw32/nios2-elf/lib/mno-hw-mul\libc.a(lib_a-vfprintf.o)
 .rodata.blanks.4403
                0x000000000001ca52       0x10 e:/quartus_fpga_design/nios2eds/bin/gnu/h-x86_64-mingw32/bin/../lib/gcc/nios2-elf/5.3.0/../../../../../H-x86_64-mingw32/nios2-elf/lib/mno-hw-mul\libc.a(lib_a-vfprintf.o)
 *fill*         0x000000000001ca62        0x2 
 .rodata.str1.4
                0x000000000001ca64       0x10 e:/quartus_fpga_design/nios2eds/bin/gnu/h-x86_64-mingw32/bin/../lib/gcc/nios2-elf/5.3.0/../../../../../H-x86_64-mingw32/nios2-elf/lib/mno-hw-mul\libc.a(lib_a-dtoa.o)
                                         0x12 (size before relaxing)
 .rodata.str1.4
                0x000000000001ca74        0xc e:/quartus_fpga_design/nios2eds/bin/gnu/h-x86_64-mingw32/bin/../lib/gcc/nios2-elf/5.3.0/../../../../../H-x86_64-mingw32/nios2-elf/lib/mno-hw-mul\libc.a(lib_a-locale.o)
                                         0x12 (size before relaxing)
 .rodata.p05.2768
                0x000000000001ca80        0xc e:/quartus_fpga_design/nios2eds/bin/gnu/h-x86_64-mingw32/bin/../lib/gcc/nios2-elf/5.3.0/../../../../../H-x86_64-mingw32/nios2-elf/lib/mno-hw-mul\libc.a(lib_a-mprec.o)
 .rodata.__mprec_tinytens
                0x000000000001ca8c       0x28 e:/quartus_fpga_design/nios2eds/bin/gnu/h-x86_64-mingw32/bin/../lib/gcc/nios2-elf/5.3.0/../../../../../H-x86_64-mingw32/nios2-elf/lib/mno-hw-mul\libc.a(lib_a-mprec.o)
                0x000000000001ca8c                __mprec_tinytens
 .rodata.__mprec_bigtens
                0x000000000001cab4       0x28 e:/quartus_fpga_design/nios2eds/bin/gnu/h-x86_64-mingw32/bin/../lib/gcc/nios2-elf/5.3.0/../../../../../H-x86_64-mingw32/nios2-elf/lib/mno-hw-mul\libc.a(lib_a-mprec.o)
                0x000000000001cab4                __mprec_bigtens
 .rodata.__mprec_tens
                0x000000000001cadc       0xc8 e:/quartus_fpga_design/nios2eds/bin/gnu/h-x86_64-mingw32/bin/../lib/gcc/nios2-elf/5.3.0/../../../../../H-x86_64-mingw32/nios2-elf/lib/mno-hw-mul\libc.a(lib_a-mprec.o)
                0x000000000001cadc                __mprec_tens
 .rodata.str1.4
                0x000000000001cba4       0x2f e:/quartus_fpga_design/nios2eds/bin/gnu/h-x86_64-mingw32/bin/../lib/gcc/nios2-elf/5.3.0/../../../../../H-x86_64-mingw32/nios2-elf/lib/mno-hw-mul\libc.a(lib_a-vfiprintf.o)
 .rodata.zeroes.4349
                0x000000000001cba4       0x10 e:/quartus_fpga_design/nios2eds/bin/gnu/h-x86_64-mingw32/bin/../lib/gcc/nios2-elf/5.3.0/../../../../../H-x86_64-mingw32/nios2-elf/lib/mno-hw-mul\libc.a(lib_a-vfiprintf.o)
 .rodata.blanks.4348
                0x000000000001cbb4       0x10 e:/quartus_fpga_design/nios2eds/bin/gnu/h-x86_64-mingw32/bin/../lib/gcc/nios2-elf/5.3.0/../../../../../H-x86_64-mingw32/nios2-elf/lib/mno-hw-mul\libc.a(lib_a-vfiprintf.o)
 .rodata        0x000000000001cbc4        0xa ../Bomberman_bsp/\libhal_bsp.a(alt_dev.o)
 *fill*         0x000000000001cbce        0x2 
 .rodata        0x000000000001cbd0       0x11 ../Bomberman_bsp/\libhal_bsp.a(alt_main.o)
 *fill*         0x000000000001cbe1        0x3 
 .rodata        0x000000000001cbe4       0x11 ../Bomberman_bsp/\libhal_bsp.a(alt_sys_init.o)
 *(.rodata1)
                0x000000000001cbf8                . = ALIGN (0x4)
 *fill*         0x000000000001cbf5        0x3 
                0x000000000001cbf8                PROVIDE (__ram_rodata_end, ABSOLUTE (.))
                0x000000000001bffc                PROVIDE (__flash_rodata_start, LOADADDR (.rodata))

.rwdata         0x000000000001cbf8     0x1b64 load address 0x000000000001e75c
                0x000000000001cbf8                PROVIDE (__ram_rwdata_start, ABSOLUTE (.))
                0x000000000001cbf8                . = ALIGN (0x4)
 *(.got.plt)
 *(.got)
 *(.data1)
 *(.data .data.* .gnu.linkonce.d.*)
 .data          0x000000000001cbf8        0x0 ../Bomberman_bsp//obj/HAL/src/crt0.o
 .data          0x000000000001cbf8        0x0 obj/default/INIT.o
 .data          0x000000000001cbf8        0x0 obj/default/LEDandHEX.o
 .data          0x000000000001cbf8        0x0 obj/default/USB_Keyboard_Driver.o
 .data          0x000000000001cbf8        0x0 obj/default/USB_Keyboard_Driver_Sup/io_handler.o
 .data          0x000000000001cbf8        0x0 obj/default/USB_Keyboard_Driver_Sup/usb.o
 .data          0x000000000001cbf8        0x0 obj/default/audio_driver.o
 .data          0x000000000001cbf8        0x0 obj/default/coins.o
 .data          0x000000000001cbf8        0x0 obj/default/draw_driver.o
 .data          0x000000000001cbf8        0x0 obj/default/drawing.o
 .data          0x000000000001cbf8        0x0 obj/default/ed.o
 .data          0x000000000001cbf8       0x48 obj/default/game.o
 .data          0x000000000001cc40        0x0 obj/default/main.o
 .data          0x000000000001cc40        0x0 obj/default/op.o
 .data          0x000000000001cc40        0x0 obj/default/readKey.o
 .data          0x000000000001cc40        0x0 obj/default/transition.o
 .data          0x000000000001cc40        0x0 e:/quartus_fpga_design/nios2eds/bin/gnu/h-x86_64-mingw32/bin/../lib/gcc/nios2-elf/5.3.0/mno-hw-mul\libgcc.a(_fixunsdfsi.o)
 .data          0x000000000001cc40        0x0 e:/quartus_fpga_design/nios2eds/bin/gnu/h-x86_64-mingw32/bin/../lib/gcc/nios2-elf/5.3.0/mno-hw-mul\libgcc.a(lib2-divmod.o)
 .data          0x000000000001cc40        0x0 e:/quartus_fpga_design/nios2eds/bin/gnu/h-x86_64-mingw32/bin/../lib/gcc/nios2-elf/5.3.0/mno-hw-mul\libgcc.a(lib2-mul.o)
 .data          0x000000000001cc40        0x0 e:/quartus_fpga_design/nios2eds/bin/gnu/h-x86_64-mingw32/bin/../lib/gcc/nios2-elf/5.3.0/mno-hw-mul\libgcc.a(divdf3.o)
 .data          0x000000000001cc40        0x0 e:/quartus_fpga_design/nios2eds/bin/gnu/h-x86_64-mingw32/bin/../lib/gcc/nios2-elf/5.3.0/mno-hw-mul\libgcc.a(gedf2.o)
 .data          0x000000000001cc40        0x0 e:/quartus_fpga_design/nios2eds/bin/gnu/h-x86_64-mingw32/bin/../lib/gcc/nios2-elf/5.3.0/mno-hw-mul\libgcc.a(subdf3.o)
 .data          0x000000000001cc40        0x0 e:/quartus_fpga_design/nios2eds/bin/gnu/h-x86_64-mingw32/bin/../lib/gcc/nios2-elf/5.3.0/mno-hw-mul\libgcc.a(fixdfsi.o)
 .data          0x000000000001cc40        0x0 e:/quartus_fpga_design/nios2eds/bin/gnu/h-x86_64-mingw32/bin/../lib/gcc/nios2-elf/5.3.0/mno-hw-mul\libgcc.a(floatunsidf.o)
 .data          0x000000000001cc40        0x0 e:/quartus_fpga_design/nios2eds/bin/gnu/h-x86_64-mingw32/bin/../lib/gcc/nios2-elf/5.3.0/mno-hw-mul\libgcc.a(_clzsi2.o)
 .data          0x000000000001cc40        0x0 e:/quartus_fpga_design/nios2eds/bin/gnu/h-x86_64-mingw32/bin/../lib/gcc/nios2-elf/5.3.0/mno-hw-mul\libgcc.a(_clz.o)
 .data          0x000000000001cc40        0x0 e:/quartus_fpga_design/nios2eds/bin/gnu/h-x86_64-mingw32/bin/../lib/gcc/nios2-elf/5.3.0/../../../../../H-x86_64-mingw32/nios2-elf/lib/mno-hw-mul\libc.a(lib_a-clock.o)
 .data          0x000000000001cc40        0x0 e:/quartus_fpga_design/nios2eds/bin/gnu/h-x86_64-mingw32/bin/../lib/gcc/nios2-elf/5.3.0/../../../../../H-x86_64-mingw32/nios2-elf/lib/mno-hw-mul\libc.a(lib_a-impure.o)
 .data.impure_data
                0x000000000001cc40      0x424 e:/quartus_fpga_design/nios2eds/bin/gnu/h-x86_64-mingw32/bin/../lib/gcc/nios2-elf/5.3.0/../../../../../H-x86_64-mingw32/nios2-elf/lib/mno-hw-mul\libc.a(lib_a-impure.o)
 .data          0x000000000001d064        0x0 e:/quartus_fpga_design/nios2eds/bin/gnu/h-x86_64-mingw32/bin/../lib/gcc/nios2-elf/5.3.0/../../../../../H-x86_64-mingw32/nios2-elf/lib/mno-hw-mul\libc.a(lib_a-malloc.o)
 .data          0x000000000001d064        0x0 e:/quartus_fpga_design/nios2eds/bin/gnu/h-x86_64-mingw32/bin/../lib/gcc/nios2-elf/5.3.0/../../../../../H-x86_64-mingw32/nios2-elf/lib/mno-hw-mul\libc.a(lib_a-mallocr.o)
 .data.__malloc_av_
                0x000000000001d064      0x408 e:/quartus_fpga_design/nios2eds/bin/gnu/h-x86_64-mingw32/bin/../lib/gcc/nios2-elf/5.3.0/../../../../../H-x86_64-mingw32/nios2-elf/lib/mno-hw-mul\libc.a(lib_a-mallocr.o)
                0x000000000001d064                __malloc_av_
 .data          0x000000000001d46c        0x0 e:/quartus_fpga_design/nios2eds/bin/gnu/h-x86_64-mingw32/bin/../lib/gcc/nios2-elf/5.3.0/../../../../../H-x86_64-mingw32/nios2-elf/lib/mno-hw-mul\libc.a(lib_a-printf.o)
 .data          0x000000000001d46c        0x0 e:/quartus_fpga_design/nios2eds/bin/gnu/h-x86_64-mingw32/bin/../lib/gcc/nios2-elf/5.3.0/../../../../../H-x86_64-mingw32/nios2-elf/lib/mno-hw-mul\libc.a(lib_a-puts.o)
 .data          0x000000000001d46c        0x0 e:/quartus_fpga_design/nios2eds/bin/gnu/h-x86_64-mingw32/bin/../lib/gcc/nios2-elf/5.3.0/../../../../../H-x86_64-mingw32/nios2-elf/lib/mno-hw-mul\libc.a(lib_a-rand.o)
 .data          0x000000000001d46c        0x0 e:/quartus_fpga_design/nios2eds/bin/gnu/h-x86_64-mingw32/bin/../lib/gcc/nios2-elf/5.3.0/../../../../../H-x86_64-mingw32/nios2-elf/lib/mno-hw-mul\libc.a(lib_a-sbrkr.o)
 .data          0x000000000001d46c        0x0 e:/quartus_fpga_design/nios2eds/bin/gnu/h-x86_64-mingw32/bin/../lib/gcc/nios2-elf/5.3.0/../../../../../H-x86_64-mingw32/nios2-elf/lib/mno-hw-mul\libc.a(lib_a-strlen.o)
 .data          0x000000000001d46c        0x0 e:/quartus_fpga_design/nios2eds/bin/gnu/h-x86_64-mingw32/bin/../lib/gcc/nios2-elf/5.3.0/../../../../../H-x86_64-mingw32/nios2-elf/lib/mno-hw-mul\libc.a(lib_a-timesr.o)
 .data          0x000000000001d46c        0x0 e:/quartus_fpga_design/nios2eds/bin/gnu/h-x86_64-mingw32/bin/../lib/gcc/nios2-elf/5.3.0/../../../../../H-x86_64-mingw32/nios2-elf/lib/mno-hw-mul\libc.a(lib_a-vfprintf.o)
 .data          0x000000000001d46c        0x0 e:/quartus_fpga_design/nios2eds/bin/gnu/h-x86_64-mingw32/bin/../lib/gcc/nios2-elf/5.3.0/../../../../../H-x86_64-mingw32/nios2-elf/lib/mno-hw-mul\libc.a(lib_a-wsetup.o)
 .data          0x000000000001d46c        0x0 e:/quartus_fpga_design/nios2eds/bin/gnu/h-x86_64-mingw32/bin/../lib/gcc/nios2-elf/5.3.0/../../../../../H-x86_64-mingw32/nios2-elf/lib/mno-hw-mul\libc.a(lib_a-dtoa.o)
 .data          0x000000000001d46c        0x0 e:/quartus_fpga_design/nios2eds/bin/gnu/h-x86_64-mingw32/bin/../lib/gcc/nios2-elf/5.3.0/../../../../../H-x86_64-mingw32/nios2-elf/lib/mno-hw-mul\libc.a(lib_a-fflush.o)
 .data          0x000000000001d46c        0x0 e:/quartus_fpga_design/nios2eds/bin/gnu/h-x86_64-mingw32/bin/../lib/gcc/nios2-elf/5.3.0/../../../../../H-x86_64-mingw32/nios2-elf/lib/mno-hw-mul\libc.a(lib_a-findfp.o)
 .data          0x000000000001d46c        0x0 e:/quartus_fpga_design/nios2eds/bin/gnu/h-x86_64-mingw32/bin/../lib/gcc/nios2-elf/5.3.0/../../../../../H-x86_64-mingw32/nios2-elf/lib/mno-hw-mul\libc.a(lib_a-freer.o)
 .data          0x000000000001d46c        0x0 e:/quartus_fpga_design/nios2eds/bin/gnu/h-x86_64-mingw32/bin/../lib/gcc/nios2-elf/5.3.0/../../../../../H-x86_64-mingw32/nios2-elf/lib/mno-hw-mul\libc.a(lib_a-fvwrite.o)
 .data          0x000000000001d46c        0x0 e:/quartus_fpga_design/nios2eds/bin/gnu/h-x86_64-mingw32/bin/../lib/gcc/nios2-elf/5.3.0/../../../../../H-x86_64-mingw32/nios2-elf/lib/mno-hw-mul\libc.a(lib_a-fwalk.o)
 .data          0x000000000001d46c        0x0 e:/quartus_fpga_design/nios2eds/bin/gnu/h-x86_64-mingw32/bin/../lib/gcc/nios2-elf/5.3.0/../../../../../H-x86_64-mingw32/nios2-elf/lib/mno-hw-mul\libc.a(lib_a-int_errno.o)
 .data          0x000000000001d46c        0x0 e:/quartus_fpga_design/nios2eds/bin/gnu/h-x86_64-mingw32/bin/../lib/gcc/nios2-elf/5.3.0/../../../../../H-x86_64-mingw32/nios2-elf/lib/mno-hw-mul\libc.a(lib_a-locale.o)
 .data.lc_message_charset
                0x000000000001d46c       0x20 e:/quartus_fpga_design/nios2eds/bin/gnu/h-x86_64-mingw32/bin/../lib/gcc/nios2-elf/5.3.0/../../../../../H-x86_64-mingw32/nios2-elf/lib/mno-hw-mul\libc.a(lib_a-locale.o)
 .data.lc_ctype_charset
                0x000000000001d48c       0x20 e:/quartus_fpga_design/nios2eds/bin/gnu/h-x86_64-mingw32/bin/../lib/gcc/nios2-elf/5.3.0/../../../../../H-x86_64-mingw32/nios2-elf/lib/mno-hw-mul\libc.a(lib_a-locale.o)
 .data.lconv    0x000000000001d4ac       0x38 e:/quartus_fpga_design/nios2eds/bin/gnu/h-x86_64-mingw32/bin/../lib/gcc/nios2-elf/5.3.0/../../../../../H-x86_64-mingw32/nios2-elf/lib/mno-hw-mul\libc.a(lib_a-locale.o)
 .data          0x000000000001d4e4        0x0 e:/quartus_fpga_design/nios2eds/bin/gnu/h-x86_64-mingw32/bin/../lib/gcc/nios2-elf/5.3.0/../../../../../H-x86_64-mingw32/nios2-elf/lib/mno-hw-mul\libc.a(lib_a-makebuf.o)
 .data          0x000000000001d4e4        0x0 e:/quartus_fpga_design/nios2eds/bin/gnu/h-x86_64-mingw32/bin/../lib/gcc/nios2-elf/5.3.0/../../../../../H-x86_64-mingw32/nios2-elf/lib/mno-hw-mul\libc.a(lib_a-memchr.o)
 .data          0x000000000001d4e4        0x0 e:/quartus_fpga_design/nios2eds/bin/gnu/h-x86_64-mingw32/bin/../lib/gcc/nios2-elf/5.3.0/../../../../../H-x86_64-mingw32/nios2-elf/lib/mno-hw-mul\libc.a(lib_a-memcpy.o)
 .data          0x000000000001d4e4        0x0 e:/quartus_fpga_design/nios2eds/bin/gnu/h-x86_64-mingw32/bin/../lib/gcc/nios2-elf/5.3.0/../../../../../H-x86_64-mingw32/nios2-elf/lib/mno-hw-mul\libc.a(lib_a-memmove.o)
 .data          0x000000000001d4e4        0x0 e:/quartus_fpga_design/nios2eds/bin/gnu/h-x86_64-mingw32/bin/../lib/gcc/nios2-elf/5.3.0/../../../../../H-x86_64-mingw32/nios2-elf/lib/mno-hw-mul\libc.a(lib_a-memset.o)
 .data          0x000000000001d4e4        0x0 e:/quartus_fpga_design/nios2eds/bin/gnu/h-x86_64-mingw32/bin/../lib/gcc/nios2-elf/5.3.0/../../../../../H-x86_64-mingw32/nios2-elf/lib/mno-hw-mul\libc.a(lib_a-mprec.o)
 .data          0x000000000001d4e4        0x0 e:/quartus_fpga_design/nios2eds/bin/gnu/h-x86_64-mingw32/bin/../lib/gcc/nios2-elf/5.3.0/../../../../../H-x86_64-mingw32/nios2-elf/lib/mno-hw-mul\libc.a(lib_a-reallocr.o)
 .data          0x000000000001d4e4        0x0 e:/quartus_fpga_design/nios2eds/bin/gnu/h-x86_64-mingw32/bin/../lib/gcc/nios2-elf/5.3.0/../../../../../H-x86_64-mingw32/nios2-elf/lib/mno-hw-mul\libc.a(lib_a-s_fpclassify.o)
 .data          0x000000000001d4e4        0x0 e:/quartus_fpga_design/nios2eds/bin/gnu/h-x86_64-mingw32/bin/../lib/gcc/nios2-elf/5.3.0/../../../../../H-x86_64-mingw32/nios2-elf/lib/mno-hw-mul\libc.a(lib_a-stdio.o)
 .data          0x000000000001d4e4        0x0 e:/quartus_fpga_design/nios2eds/bin/gnu/h-x86_64-mingw32/bin/../lib/gcc/nios2-elf/5.3.0/../../../../../H-x86_64-mingw32/nios2-elf/lib/mno-hw-mul\libc.a(lib_a-strcmp.o)
 .data          0x000000000001d4e4        0x0 e:/quartus_fpga_design/nios2eds/bin/gnu/h-x86_64-mingw32/bin/../lib/gcc/nios2-elf/5.3.0/../../../../../H-x86_64-mingw32/nios2-elf/lib/mno-hw-mul\libc.a(lib_a-vfiprintf.o)
 .data          0x000000000001d4e4        0x0 e:/quartus_fpga_design/nios2eds/bin/gnu/h-x86_64-mingw32/bin/../lib/gcc/nios2-elf/5.3.0/../../../../../H-x86_64-mingw32/nios2-elf/lib/mno-hw-mul\libc.a(lib_a-writer.o)
 .data          0x000000000001d4e4        0x0 e:/quartus_fpga_design/nios2eds/bin/gnu/h-x86_64-mingw32/bin/../lib/gcc/nios2-elf/5.3.0/../../../../../H-x86_64-mingw32/nios2-elf/lib/mno-hw-mul\libc.a(closer.o)
 .data          0x000000000001d4e4        0x0 e:/quartus_fpga_design/nios2eds/bin/gnu/h-x86_64-mingw32/bin/../lib/gcc/nios2-elf/5.3.0/../../../../../H-x86_64-mingw32/nios2-elf/lib/mno-hw-mul\libc.a(lib_a-callocr.o)
 .data          0x000000000001d4e4        0x0 e:/quartus_fpga_design/nios2eds/bin/gnu/h-x86_64-mingw32/bin/../lib/gcc/nios2-elf/5.3.0/../../../../../H-x86_64-mingw32/nios2-elf/lib/mno-hw-mul\libc.a(lib_a-fclose.o)
 .data          0x000000000001d4e4        0x0 e:/quartus_fpga_design/nios2eds/bin/gnu/h-x86_64-mingw32/bin/../lib/gcc/nios2-elf/5.3.0/../../../../../H-x86_64-mingw32/nios2-elf/lib/mno-hw-mul\libc.a(lib_a-fputwc.o)
 .data          0x000000000001d4e4        0x0 e:/quartus_fpga_design/nios2eds/bin/gnu/h-x86_64-mingw32/bin/../lib/gcc/nios2-elf/5.3.0/../../../../../H-x86_64-mingw32/nios2-elf/lib/mno-hw-mul\libc.a(lib_a-fstatr.o)
 .data          0x000000000001d4e4        0x0 e:/quartus_fpga_design/nios2eds/bin/gnu/h-x86_64-mingw32/bin/../lib/gcc/nios2-elf/5.3.0/../../../../../H-x86_64-mingw32/nios2-elf/lib/mno-hw-mul\libc.a(lib_a-isattyr.o)
 .data          0x000000000001d4e4        0x0 e:/quartus_fpga_design/nios2eds/bin/gnu/h-x86_64-mingw32/bin/../lib/gcc/nios2-elf/5.3.0/../../../../../H-x86_64-mingw32/nios2-elf/lib/mno-hw-mul\libc.a(lib_a-lseekr.o)
 .data          0x000000000001d4e4        0x0 e:/quartus_fpga_design/nios2eds/bin/gnu/h-x86_64-mingw32/bin/../lib/gcc/nios2-elf/5.3.0/../../../../../H-x86_64-mingw32/nios2-elf/lib/mno-hw-mul\libc.a(lib_a-readr.o)
 .data          0x000000000001d4e4        0x0 e:/quartus_fpga_design/nios2eds/bin/gnu/h-x86_64-mingw32/bin/../lib/gcc/nios2-elf/5.3.0/../../../../../H-x86_64-mingw32/nios2-elf/lib/mno-hw-mul\libc.a(lib_a-wbuf.o)
 .data          0x000000000001d4e4        0x0 e:/quartus_fpga_design/nios2eds/bin/gnu/h-x86_64-mingw32/bin/../lib/gcc/nios2-elf/5.3.0/../../../../../H-x86_64-mingw32/nios2-elf/lib/mno-hw-mul\libc.a(lib_a-wcrtomb.o)
 .data          0x000000000001d4e4        0x0 e:/quartus_fpga_design/nios2eds/bin/gnu/h-x86_64-mingw32/bin/../lib/gcc/nios2-elf/5.3.0/../../../../../H-x86_64-mingw32/nios2-elf/lib/mno-hw-mul\libc.a(lib_a-wctomb_r.o)
 .data          0x000000000001d4e4        0x0 e:/quartus_fpga_design/nios2eds/bin/gnu/h-x86_64-mingw32/bin/../lib/gcc/nios2-elf/5.3.0/mno-hw-mul\libgcc.a(_muldi3.o)
 .data          0x000000000001d4e4        0x0 e:/quartus_fpga_design/nios2eds/bin/gnu/h-x86_64-mingw32/bin/../lib/gcc/nios2-elf/5.3.0/mno-hw-mul\libgcc.a(_udivdi3.o)
 .data          0x000000000001d4e4        0x0 e:/quartus_fpga_design/nios2eds/bin/gnu/h-x86_64-mingw32/bin/../lib/gcc/nios2-elf/5.3.0/mno-hw-mul\libgcc.a(_umoddi3.o)
 .data          0x000000000001d4e4        0x0 e:/quartus_fpga_design/nios2eds/bin/gnu/h-x86_64-mingw32/bin/../lib/gcc/nios2-elf/5.3.0/mno-hw-mul\libgcc.a(adddf3.o)
 .data          0x000000000001d4e4        0x0 e:/quartus_fpga_design/nios2eds/bin/gnu/h-x86_64-mingw32/bin/../lib/gcc/nios2-elf/5.3.0/mno-hw-mul\libgcc.a(eqdf2.o)
 .data          0x000000000001d4e4        0x0 e:/quartus_fpga_design/nios2eds/bin/gnu/h-x86_64-mingw32/bin/../lib/gcc/nios2-elf/5.3.0/mno-hw-mul\libgcc.a(ledf2.o)
 .data          0x000000000001d4e4        0x0 e:/quartus_fpga_design/nios2eds/bin/gnu/h-x86_64-mingw32/bin/../lib/gcc/nios2-elf/5.3.0/mno-hw-mul\libgcc.a(muldf3.o)
 .data          0x000000000001d4e4        0x0 e:/quartus_fpga_design/nios2eds/bin/gnu/h-x86_64-mingw32/bin/../lib/gcc/nios2-elf/5.3.0/mno-hw-mul\libgcc.a(floatsidf.o)
 .data          0x000000000001d4e4        0x0 ../Bomberman_bsp/\libhal_bsp.a(alt_close.o)
 .data          0x000000000001d4e4      0x1a8 ../Bomberman_bsp/\libhal_bsp.a(alt_dev.o)
                0x000000000001d4e4                alt_dev_null
                0x000000000001d50c                alt_fd_list
 .data          0x000000000001d68c        0x0 ../Bomberman_bsp/\libhal_bsp.a(alt_errno.o)
 .data          0x000000000001d68c        0x0 ../Bomberman_bsp/\libhal_bsp.a(alt_fstat.o)
 .data          0x000000000001d68c        0x0 ../Bomberman_bsp/\libhal_bsp.a(alt_isatty.o)
 .data          0x000000000001d68c        0x0 ../Bomberman_bsp/\libhal_bsp.a(alt_load.o)
 .data          0x000000000001d68c        0x0 ../Bomberman_bsp/\libhal_bsp.a(alt_lseek.o)
 .data          0x000000000001d68c        0x0 ../Bomberman_bsp/\libhal_bsp.a(alt_main.o)
 .data          0x000000000001d68c        0x0 ../Bomberman_bsp/\libhal_bsp.a(alt_malloc_lock.o)
 .data          0x000000000001d68c        0x0 ../Bomberman_bsp/\libhal_bsp.a(alt_read.o)
 .data          0x000000000001d68c        0x0 ../Bomberman_bsp/\libhal_bsp.a(alt_release_fd.o)
 .data          0x000000000001d68c        0x0 ../Bomberman_bsp/\libhal_bsp.a(alt_sbrk.o)
 .data          0x000000000001d68c        0x0 ../Bomberman_bsp/\libhal_bsp.a(alt_times.o)
 .data          0x000000000001d68c        0x0 ../Bomberman_bsp/\libhal_bsp.a(alt_usleep.o)
 .data          0x000000000001d68c        0x0 ../Bomberman_bsp/\libhal_bsp.a(alt_write.o)
 .data          0x000000000001d68c     0x1060 ../Bomberman_bsp/\libhal_bsp.a(alt_sys_init.o)
 .data          0x000000000001e6ec        0x0 ../Bomberman_bsp/\libhal_bsp.a(altera_avalon_jtag_uart_fd.o)
 .data          0x000000000001e6ec        0x0 ../Bomberman_bsp/\libhal_bsp.a(altera_avalon_jtag_uart_init.o)
 .data          0x000000000001e6ec        0x0 ../Bomberman_bsp/\libhal_bsp.a(altera_avalon_jtag_uart_ioctl.o)
 .data          0x000000000001e6ec        0x0 ../Bomberman_bsp/\libhal_bsp.a(altera_avalon_jtag_uart_read.o)
 .data          0x000000000001e6ec        0x0 ../Bomberman_bsp/\libhal_bsp.a(altera_avalon_jtag_uart_write.o)
 .data          0x000000000001e6ec        0x0 ../Bomberman_bsp/\libhal_bsp.a(altera_avalon_timer_sc.o)
 .data          0x000000000001e6ec        0x0 ../Bomberman_bsp/\libhal_bsp.a(alt_alarm_start.o)
 .data          0x000000000001e6ec        0x0 ../Bomberman_bsp/\libhal_bsp.a(alt_busy_sleep.o)
 .data          0x000000000001e6ec        0x0 ../Bomberman_bsp/\libhal_bsp.a(alt_dcache_flush_all.o)
 .data          0x000000000001e6ec        0x0 ../Bomberman_bsp/\libhal_bsp.a(alt_dev_llist_insert.o)
 .data          0x000000000001e6ec        0x0 ../Bomberman_bsp/\libhal_bsp.a(alt_do_ctors.o)
 .data          0x000000000001e6ec        0x0 ../Bomberman_bsp/\libhal_bsp.a(alt_do_dtors.o)
 .data          0x000000000001e6ec        0x0 ../Bomberman_bsp/\libhal_bsp.a(alt_icache_flush_all.o)
 .data          0x000000000001e6ec        0x0 ../Bomberman_bsp/\libhal_bsp.a(alt_iic.o)
 .data          0x000000000001e6ec        0x0 ../Bomberman_bsp/\libhal_bsp.a(alt_iic_isr_register.o)
 .data          0x000000000001e6ec        0x0 ../Bomberman_bsp/\libhal_bsp.a(alt_io_redirect.o)
 .data          0x000000000001e6ec        0x0 ../Bomberman_bsp/\libhal_bsp.a(alt_irq_entry.o)
 .data          0x000000000001e6ec        0x0 ../Bomberman_bsp/\libhal_bsp.a(alt_irq_handler.o)
 .data          0x000000000001e6ec        0x0 ../Bomberman_bsp/\libhal_bsp.a(alt_irq_vars.o)
 .data          0x000000000001e6ec        0x0 ../Bomberman_bsp/\libhal_bsp.a(alt_open.o)
 .data          0x000000000001e6ec        0x0 ../Bomberman_bsp/\libhal_bsp.a(alt_tick.o)
 .data          0x000000000001e6ec        0x0 ../Bomberman_bsp/\libhal_bsp.a(altera_nios2_gen2_irq.o)
 .data          0x000000000001e6ec        0x0 ../Bomberman_bsp/\libhal_bsp.a(alt_exception_entry.o)
 .data          0x000000000001e6ec        0x0 ../Bomberman_bsp/\libhal_bsp.a(alt_find_dev.o)
 .data          0x000000000001e6ec        0x0 ../Bomberman_bsp/\libhal_bsp.a(alt_find_file.o)
 .data          0x000000000001e6ec        0x0 ../Bomberman_bsp/\libhal_bsp.a(alt_get_fd.o)
 .data          0x000000000001e6ec        0x0 ../Bomberman_bsp/\libhal_bsp.a(alt_instruction_exception_entry.o)
 .data          0x000000000001e6ec        0x0 e:/quartus_fpga_design/nios2eds/bin/gnu/h-x86_64-mingw32/bin/../lib/gcc/nios2-elf/5.3.0/../../../../../H-x86_64-mingw32/nios2-elf/lib/mno-hw-mul\libc.a(lib_a-atexit.o)
 .data          0x000000000001e6ec        0x0 e:/quartus_fpga_design/nios2eds/bin/gnu/h-x86_64-mingw32/bin/../lib/gcc/nios2-elf/5.3.0/../../../../../H-x86_64-mingw32/nios2-elf/lib/mno-hw-mul\libc.a(lib_a-exit.o)
 .data          0x000000000001e6ec        0x0 e:/quartus_fpga_design/nios2eds/bin/gnu/h-x86_64-mingw32/bin/../lib/gcc/nios2-elf/5.3.0/../../../../../H-x86_64-mingw32/nios2-elf/lib/mno-hw-mul\libc.a(lib_a-memcmp.o)
 .data          0x000000000001e6ec        0x0 e:/quartus_fpga_design/nios2eds/bin/gnu/h-x86_64-mingw32/bin/../lib/gcc/nios2-elf/5.3.0/../../../../../H-x86_64-mingw32/nios2-elf/lib/mno-hw-mul\libc.a(lib_a-__atexit.o)
 .data          0x000000000001e6ec        0x0 e:/quartus_fpga_design/nios2eds/bin/gnu/h-x86_64-mingw32/bin/../lib/gcc/nios2-elf/5.3.0/../../../../../H-x86_64-mingw32/nios2-elf/lib/mno-hw-mul\libc.a(lib_a-__call_atexit.o)
 .data          0x000000000001e6ec        0x0 ../Bomberman_bsp/\libhal_bsp.a(alt_exit.o)
                0x00000000000266ec                _gp = ABSOLUTE ((. + 0x8000))
                [!provide]                        PROVIDE (gp, _gp)
 *(.rwdata .rwdata.*)
 *(.sdata .sdata.* .gnu.linkonce.s.*)
 .sdata         0x000000000001e6ec       0x10 obj/default/audio_driver.o
                0x000000000001e6ec                Back_Vol_ptr
                0x000000000001e6f0                Bomb_Vol_ptr
                0x000000000001e6f4                Bomb_Act_ptr
                0x000000000001e6f8                Audio_Sel_ptr
 .sdata         0x000000000001e6fc        0x4 obj/default/draw_driver.o
                0x000000000001e6fc                BI
 .sdata         0x000000000001e700        0xc obj/default/game.o
 .sdata         0x000000000001e70c        0x8 obj/default/main.o
                0x000000000001e70c                L1
                0x000000000001e710                L2
 .sdata         0x000000000001e714        0x8 obj/default/op.o
 .sdata._global_impure_ptr
                0x000000000001e71c        0x4 e:/quartus_fpga_design/nios2eds/bin/gnu/h-x86_64-mingw32/bin/../lib/gcc/nios2-elf/5.3.0/../../../../../H-x86_64-mingw32/nios2-elf/lib/mno-hw-mul\libc.a(lib_a-impure.o)
                0x000000000001e71c                _global_impure_ptr
 .sdata._impure_ptr